<html>
<body>
<pre>
<h1>礦ision Build Log</h1>
<h2>Tool Versions:</h2>
IDE-Version: μVision V5.35.0.0
Copyright (C) 2021 ARM Ltd and ARM Germany GmbH. All rights reserved.
License Information: wqe234we 32r3rf, ewf43, LIC=PE7DL-0SW04-EVR1R-KRG4W-8KHD4-24BS0
 
Tool Versions:
Toolchain:       MDK-ARM Plus  Version: 5.35.0.2
Toolchain Path:  D:\keil\MDK5\ARM\ARMCC\Bin
C Compiler:      Armcc.exe V5.06 update 7 (build 960)
Assembler:       Armasm.exe V5.06 update 7 (build 960)
Linker/Locator:  ArmLink.exe V5.06 update 7 (build 960)
Library Manager: ArmAr.exe V5.06 update 7 (build 960)
Hex Converter:   FromElf.exe V5.06 update 7 (build 960)
CPU DLL:         SARMCM3.DLL V5.35.0.2
Dialog DLL:      DARMCM1.DLL V1.19.4.0
Target DLL:      STLink\ST-LINKIII-KEIL_SWO.dll V3.0.9.0
Dialog DLL:      TARMCM1.DLL V1.14.4.0
 
<h2>Project:</h2>
D:\移动机器人导航\STM32G0_LSM_mahony\MDK-ARM\STM32G0_LSM.uvprojx
Project File Date:  11/12/2021

<h2>Output:</h2>
*** Using Compiler 'V5.06 update 7 (build 960)', folder: 'D:\keil\MDK5\ARM\ARMCC\Bin'
Rebuild target 'STM32G0_LSM'
assembling startup_stm32g030xx.s...
compiling stm32g0xx_it.c...
compiling gpio.c...
compiling stm32g0xx_hal_msp.c...
compiling tim.c...
compiling i2c.c...
compiling usart.c...
compiling main.c...
compiling stm32g0xx_ll_rcc.c...
compiling stm32g0xx_hal_i2c_ex.c...
compiling stm32g0xx_hal_gpio.c...
compiling stm32g0xx_hal_flash_ex.c...
compiling stm32g0xx_hal_flash.c...
compiling stm32g0xx_hal_rcc_ex.c...
compiling stm32g0xx_ll_dma.c...
compiling stm32g0xx_hal_rcc.c...
compiling stm32g0xx_hal_i2c.c...
compiling stm32g0xx_hal_dma.c...
compiling stm32g0xx_hal_dma_ex.c...
compiling stm32g0xx_hal_pwr.c...
compiling stm32g0xx_hal_cortex.c...
compiling stm32g0xx_hal.c...
compiling stm32g0xx_hal_pwr_ex.c...
compiling stm32g0xx_hal_exti.c...
compiling MahonyAHRS.c...
compiling SEGGER_RTT.c...
compiling SEGGER_RTT_printf.c...
compiling RTT_Syscalls_KEIL.c...
compiling stm32g0xx_hal_uart_ex.c...
compiling system_stm32g0xx.c...
compiling LSM6DSL.c...
compiling stm32g0xx_hal_tim_ex.c...
compiling stm32g0xx_hal_uart.c...
compiling stm32g0xx_hal_tim.c...
linking...
Program Size: Code=19684 RO-data=508 RW-data=168 ZI-data=1320  
FromELF: creating hex file...
"STM32G0_LSM\STM32G0_LSM.axf" - 0 Error(s), 0 Warning(s).

<h2>Software Packages used:</h2>

Package Vendor: ARM
                http://www.keil.com/pack/ARM.CMSIS.5.8.0.pack
                ARM.CMSIS.5.8.0
                CMSIS (Common Microcontroller Software Interface Standard)
   * Component: CORE Version: 5.5.0

Package Vendor: Keil
                http://www.keil.com/pack/Keil.STM32G0xx_DFP.1.3.0.pack
                Keil.STM32G0xx_DFP.1.3.0
                STMicroelectronics STM32G0 Series Device Support

<h2>Collection of Component include folders:</h2>
  .\RTE\_STM32G0_LSM
  D:\keil\MDK5\ARM\PACK\ARM\CMSIS\5.8.0\CMSIS\Core\Include
  D:\keil\MDK5\ARM\PACK\Keil\STM32G0xx_DFP\1.3.0\Drivers\CMSIS\Device\ST\STM32G0xx\Include

<h2>Collection of Component Files used:</h2>

   * Component: ARM::CMSIS:CORE:5.5.0
Build Time Elapsed:  00:00:20
</pre>
</body>
</html>
