Component: ARM Compiler 5.06 update 7 (build 960) Tool: armlink [4d3601]

==============================================================================

Section Cross References

    startup_stm32g030xx.o(RESET) refers to startup_stm32g030xx.o(STACK) for __initial_sp
    startup_stm32g030xx.o(RESET) refers to startup_stm32g030xx.o(.text) for Reset_Handler
    startup_stm32g030xx.o(RESET) refers to stm32g0xx_it.o(i.NMI_Handler) for NMI_Handler
    startup_stm32g030xx.o(RESET) refers to stm32g0xx_it.o(i.HardFault_Handler) for HardFault_Handler
    startup_stm32g030xx.o(RESET) refers to stm32g0xx_it.o(i.SVC_Handler) for SVC_Handler
    startup_stm32g030xx.o(RESET) refers to stm32g0xx_it.o(i.PendSV_Handler) for PendSV_Handler
    startup_stm32g030xx.o(RESET) refers to stm32g0xx_it.o(i.SysTick_Handler) for SysTick_Handler
    startup_stm32g030xx.o(RESET) refers to stm32g0xx_it.o(i.EXTI0_1_IRQHandler) for EXTI0_1_IRQHandler
    startup_stm32g030xx.o(RESET) refers to stm32g0xx_it.o(i.EXTI4_15_IRQHandler) for EXTI4_15_IRQHandler
    startup_stm32g030xx.o(RESET) refers to stm32g0xx_it.o(i.TIM3_IRQHandler) for TIM3_IRQHandler
    startup_stm32g030xx.o(RESET) refers to stm32g0xx_it.o(i.USART2_IRQHandler) for USART2_IRQHandler
    startup_stm32g030xx.o(.text) refers to system_stm32g0xx.o(i.SystemInit) for SystemInit
    startup_stm32g030xx.o(.text) refers to entry.o(.ARM.Collect$$$$00000000) for __main
    main.o(i.SystemClock_Config) refers to memseta.o(.text) for __aeabi_memclr4
    main.o(i.SystemClock_Config) refers to stm32g0xx_hal_pwr_ex.o(i.HAL_PWREx_ControlVoltageScaling) for HAL_PWREx_ControlVoltageScaling
    main.o(i.SystemClock_Config) refers to stm32g0xx_hal_rcc.o(i.HAL_RCC_OscConfig) for HAL_RCC_OscConfig
    main.o(i.SystemClock_Config) refers to stm32g0xx_hal_rcc.o(i.HAL_RCC_ClockConfig) for HAL_RCC_ClockConfig
    main.o(i.SystemClock_Config) refers to stm32g0xx_hal_rcc_ex.o(i.HAL_RCCEx_PeriphCLKConfig) for HAL_RCCEx_PeriphCLKConfig
    main.o(i.fputc) refers to stm32g0xx_hal_uart.o(i.HAL_UART_Transmit) for HAL_UART_Transmit
    main.o(i.fputc) refers to usart.o(.bss) for huart2
    main.o(i.main) refers to stm32g0xx_hal.o(i.HAL_Init) for HAL_Init
    main.o(i.main) refers to main.o(i.SystemClock_Config) for SystemClock_Config
    main.o(i.main) refers to gpio.o(i.MX_GPIO_Init) for MX_GPIO_Init
    main.o(i.main) refers to i2c.o(i.MX_I2C1_Init) for MX_I2C1_Init
    main.o(i.main) refers to usart.o(i.MX_USART2_UART_Init) for MX_USART2_UART_Init
    main.o(i.main) refers to tim.o(i.MX_TIM3_Init) for MX_TIM3_Init
    main.o(i.main) refers to main.o(i.uart_error) for uart_error
    main.o(i.main) refers to lsm6dsl.o(i.lsm6dsl_Init) for lsm6dsl_Init
    main.o(i.main) refers to stm32g0xx_hal_tim.o(i.HAL_TIM_Base_Start_IT) for HAL_TIM_Base_Start_IT
    main.o(i.main) refers to mahonyahrs.o(i.Mahony_Init) for Mahony_Init
    main.o(i.main) refers to lsm6dsl.o(i.LSM6DSL_Read_Temp) for LSM6DSL_Read_Temp
    main.o(i.main) refers to lsm6dsl.o(i.LSM6DSL_Accel) for LSM6DSL_Accel
    main.o(i.main) refers to lsm6dsl.o(i.LSM6DSL_Gyro) for LSM6DSL_Gyro
    main.o(i.main) refers to lsm6dsl.o(i.LSM6DSL_ReadValu) for LSM6DSL_ReadValu
    main.o(i.main) refers to fflti.o(.text) for __aeabi_i2f
    main.o(i.main) refers to idiv.o(.text) for __aeabi_idivmod
    main.o(i.main) refers to mahonyahrs.o(i.Mahony_update) for Mahony_update
    main.o(i.main) refers to mahonyahrs.o(i.Mahony_computeAngles) for Mahony_computeAngles
    main.o(i.main) refers to f2d.o(.text) for __aeabi_f2d
    main.o(i.main) refers to printfa.o(i.__0printf) for __2printf
    main.o(i.main) refers to tim.o(.bss) for htim3
    main.o(i.main) refers to lsm6dsl.o(.data) for ACC_Valu_First
    main.o(i.uart_error) refers to stm32g0xx_hal_uart.o(i.HAL_UART_Receive_IT) for HAL_UART_Receive_IT
    main.o(i.uart_error) refers to printfa.o(i.__0printf) for __2printf
    main.o(i.uart_error) refers to usart.o(.bss) for huart2
    gpio.o(i.HAL_GPIO_EXTI_Rising_Callback) refers to stm32g0xx_hal_gpio.o(i.HAL_GPIO_TogglePin) for HAL_GPIO_TogglePin
    gpio.o(i.MX_GPIO_Init) refers to memseta.o(.text) for __aeabi_memclr4
    gpio.o(i.MX_GPIO_Init) refers to stm32g0xx_hal_gpio.o(i.HAL_GPIO_WritePin) for HAL_GPIO_WritePin
    gpio.o(i.MX_GPIO_Init) refers to stm32g0xx_hal_gpio.o(i.HAL_GPIO_Init) for HAL_GPIO_Init
    gpio.o(i.MX_GPIO_Init) refers to stm32g0xx_hal_cortex.o(i.HAL_NVIC_SetPriority) for HAL_NVIC_SetPriority
    gpio.o(i.MX_GPIO_Init) refers to stm32g0xx_hal_cortex.o(i.HAL_NVIC_EnableIRQ) for HAL_NVIC_EnableIRQ
    i2c.o(i.HAL_I2C_MspDeInit) refers to stm32g0xx_hal_gpio.o(i.HAL_GPIO_DeInit) for HAL_GPIO_DeInit
    i2c.o(i.HAL_I2C_MspInit) refers to memseta.o(.text) for __aeabi_memclr4
    i2c.o(i.HAL_I2C_MspInit) refers to stm32g0xx_hal_gpio.o(i.HAL_GPIO_Init) for HAL_GPIO_Init
    i2c.o(i.MX_I2C1_Init) refers to stm32g0xx_hal_i2c.o(i.HAL_I2C_Init) for HAL_I2C_Init
    i2c.o(i.MX_I2C1_Init) refers to main.o(i.Error_Handler) for Error_Handler
[...]
    ../clib/microlib/printf/printf.c         0x00000000   Number         0  printf1.o ABSOLUTE
    ../clib/microlib/printf/printf.c         0x00000000   Number         0  printf0.o ABSOLUTE
    ../clib/microlib/printf/printf.c         0x00000000   Number         0  printfb.o ABSOLUTE
    ../clib/microlib/printf/printf.c         0x00000000   Number         0  printf7.o ABSOLUTE
    ../clib/microlib/printf/printf.c         0x00000000   Number         0  printf8.o ABSOLUTE
    ../clib/microlib/printf/printf.c         0x00000000   Number         0  printfa.o ABSOLUTE
    ../clib/microlib/printf/stubs.s          0x00000000   Number         0  stubs.o ABSOLUTE
    ../clib/microlib/stdio/fflush.c          0x00000000   Number         0  fflush.o ABSOLUTE
    ../clib/microlib/stdio/streams.c         0x00000000   Number         0  stdout.o ABSOLUTE
    ../clib/microlib/string/memcpy.c         0x00000000   Number         0  memcpyb.o ABSOLUTE
    ../clib/microlib/string/memcpy.c         0x00000000   Number         0  memcpya.o ABSOLUTE
    ../clib/microlib/string/memset.c         0x00000000   Number         0  memseta.o ABSOLUTE
    ../clib/microlib/string/strcmp.c         0x00000000   Number         0  strcmp.o ABSOLUTE
    ../clib/microlib/string/strcpy.c         0x00000000   Number         0  strcpy.o ABSOLUTE
    ../clib/microlib/string/strlen.c         0x00000000   Number         0  strlen.o ABSOLUTE
    ../clib/microlib/stubs.s                 0x00000000   Number         0  useno.o ABSOLUTE
    ../clib/microlib/stubs.s                 0x00000000   Number         0  iusefp.o ABSOLUTE
    ../fplib/microlib/d2f.c                  0x00000000   Number         0  d2f.o ABSOLUTE
    ../fplib/microlib/f2d.c                  0x00000000   Number         0  f2d.o ABSOLUTE
    ../fplib/microlib/fpadd.c                0x00000000   Number         0  fadd.o ABSOLUTE
    ../fplib/microlib/fpadd.c                0x00000000   Number         0  dadd.o ABSOLUTE
    ../fplib/microlib/fpdiv.c                0x00000000   Number         0  fdiv.o ABSOLUTE
    ../fplib/microlib/fpdiv.c                0x00000000   Number         0  ddiv.o ABSOLUTE
    ../fplib/microlib/fpepilogue.c           0x00000000   Number         0  depilogue.o ABSOLUTE
    ../fplib/microlib/fpepilogue.c           0x00000000   Number         0  fepilogue.o ABSOLUTE
    ../fplib/microlib/fpfix.c                0x00000000   Number         0  dfixul.o ABSOLUTE
    ../fplib/microlib/fpfix.c                0x00000000   Number         0  ffixi.o ABSOLUTE
    ../fplib/microlib/fpflt.c                0x00000000   Number         0  dflti.o ABSOLUTE
    ../fplib/microlib/fpflt.c                0x00000000   Number         0  fflti.o ABSOLUTE
    ../fplib/microlib/fpmul.c                0x00000000   Number         0  dmul.o ABSOLUTE
    ../fplib/microlib/fpmul.c                0x00000000   Number         0  fmul.o ABSOLUTE
    ../fplib/microlib/fpscalb.c              0x00000000   Number         0  fscalb.o ABSOLUTE
    ../fplib/microlib/fpscalb.c              0x00000000   Number         0  dscalb.o ABSOLUTE
    ../fplib/microlib/fpsqrt.c               0x00000000   Number         0  fsqrt.o ABSOLUTE
    ../mathlib/asinf.c                       0x00000000   Number         0  asinf_x.o ABSOLUTE
    ../mathlib/asinf.c                       0x00000000   Number         0  asinf.o ABSOLUTE
    ../mathlib/atan.c                        0x00000000   Number         0  atan.o ABSOLUTE
    ../mathlib/atan.c                        0x00000000   Number         0  atan_x.o ABSOLUTE
    ../mathlib/atan2.c                       0x00000000   Number         0  atan2_x.o ABSOLUTE
    ../mathlib/atan2.c                       0x00000000   Number         0  atan2.o ABSOLUTE
    ../mathlib/atan2f.c                      0x00000000   Number         0  atan2f_x.o ABSOLUTE
    ../mathlib/atan2f.c                      0x00000000   Number         0  atan2f.o ABSOLUTE
    ../mathlib/dunder.c                      0x00000000   Number         0  dunder.o ABSOLUTE
    ../mathlib/fpclassify.c                  0x00000000   Number         0  fpclassify.o ABSOLUTE
    ../mathlib/fpclassifyf.c                 0x00000000   Number         0  fpclassifyf.o ABSOLUTE
    ../mathlib/funder.c                      0x00000000   Number         0  funder.o ABSOLUTE
    ../mathlib/poly.c                        0x00000000   Number         0  poly.o ABSOLUTE
    ../mathlib/qnan.c                        0x00000000   Number         0  qnan.o ABSOLUTE
    ../mathlib/sqrtf.c                       0x00000000   Number         0  sqrtf.o ABSOLUTE
    ../mathlib/sqrtf.c                       0x00000000   Number         0  sqrtf_x.o ABSOLUTE
    ..\Core\Src\gpio.c                       0x00000000   Number         0  gpio.o ABSOLUTE
    ..\Core\Src\i2c.c                        0x00000000   Number         0  i2c.o ABSOLUTE
    ..\Core\Src\main.c                       0x00000000   Number         0  main.o ABSOLUTE
    ..\Core\Src\stm32g0xx_hal_msp.c          0x00000000   Number         0  stm32g0xx_hal_msp.o ABSOLUTE
    ..\Core\Src\stm32g0xx_it.c               0x00000000   Number         0  stm32g0xx_it.o ABSOLUTE
    ..\Core\Src\system_stm32g0xx.c           0x00000000   Number         0  system_stm32g0xx.o ABSOLUTE
    ..\Core\Src\tim.c                        0x00000000   Number         0  tim.o ABSOLUTE
    ..\Core\Src\usart.c                      0x00000000   Number         0  usart.o ABSOLUTE
    ..\Drivers\STM32G0xx_HAL_Driver\Src\stm32g0xx_hal.c 0x00000000   Number         0  stm32g0xx_hal.o ABSOLUTE
    ..\Drivers\STM32G0xx_HAL_Driver\Src\stm32g0xx_hal_cortex.c 0x00000000   Number         0  stm32g0xx_hal_cortex.o ABSOLUTE
    ..\Drivers\STM32G0xx_HAL_Driver\Src\stm32g0xx_hal_dma.c 0x00000000   Number         0  stm32g0xx_hal_dma.o ABSOLUTE
    ..\Drivers\STM32G0xx_HAL_Driver\Src\stm32g0xx_hal_dma_ex.c 0x00000000   Number         0  stm32g0xx_hal_dma_ex.o ABSOLUTE
    ..\Drivers\STM32G0xx_HAL_Driver\Src\stm32g0xx_hal_exti.c 0x00000000   Number         0  stm32g0xx_hal_exti.o ABSOLUTE
    ..\Drivers\STM32G0xx_HAL_Driver\Src\stm32g0xx_hal_flash.c 0x00000000   Number         0  stm32g0xx_hal_flash.o ABSOLUTE
    ..\Drivers\STM32G0xx_HAL_Driver\Src\stm32g0xx_hal_flash_ex.c 0x00000000   Number         0  stm32g0xx_hal_flash_ex.o ABSOLUTE
    ..\Drivers\STM32G0xx_HAL_Driver\Src\stm32g0xx_hal_gpio.c 0x00000000   Number         0  stm32g0xx_hal_gpio.o ABSOLUTE
    ..\Drivers\STM32G0xx_HAL_Driver\Src\stm32g0xx_hal_i2c.c 0x00000000   Number         0  stm32g0xx_hal_i2c.o ABSOLUTE
    ..\Drivers\STM32G0xx_HAL_Driver\Src\stm32g0xx_hal_i2c_ex.c 0x00000000   Number         0  stm32g0xx_hal_i2c_ex.o ABSOLUTE
    ..\Drivers\STM32G0xx_HAL_Driver\Src\stm32g0xx_hal_pwr.c 0x00000000   Number         0  stm32g0xx_hal_pwr.o ABSOLUTE
    ..\Drivers\STM32G0xx_HAL_Driver\Src\stm32g0xx_hal_pwr_ex.c 0x00000000   Number         0  stm32g0xx_hal_pwr_ex.o ABSOLUTE
    ..\Drivers\STM32G0xx_HAL_Driver\Src\stm32g0xx_hal_rcc.c 0x00000000   Number         0  stm32g0xx_hal_rcc.o ABSOLUTE
    ..\Drivers\STM32G0xx_HAL_Driver\Src\stm32g0xx_hal_rcc_ex.c 0x00000000   Number         0  stm32g0xx_hal_rcc_ex.o ABSOLUTE
    ..\Drivers\STM32G0xx_HAL_Driver\Src\stm32g0xx_hal_tim.c 0x00000000   Number         0  stm32g0xx_hal_tim.o ABSOLUTE
    ..\Drivers\STM32G0xx_HAL_Driver\Src\stm32g0xx_hal_tim_ex.c 0x00000000   Number         0  stm32g0xx_hal_tim_ex.o ABSOLUTE
    ..\Drivers\STM32G0xx_HAL_Driver\Src\stm32g0xx_hal_uart.c 0x00000000   Number         0  stm32g0xx_hal_uart.o ABSOLUTE
    ..\Drivers\STM32G0xx_HAL_Driver\Src\stm32g0xx_hal_uart_ex.c 0x00000000   Number         0  stm32g0xx_hal_uart_ex.o ABSOLUTE
    ..\RTT\RTT_Syscalls_KEIL.c               0x00000000   Number         0  rtt_syscalls_keil.o ABSOLUTE
    ..\RTT\SEGGER_RTT.c                      0x00000000   Number         0  segger_rtt.o ABSOLUTE
    ..\RTT\SEGGER_RTT_printf.c               0x00000000   Number         0  segger_rtt_printf.o ABSOLUTE
    ..\\hardware\\LSM6DSL.c                  0x00000000   Number         0  lsm6dsl.o ABSOLUTE
    ..\hardware\LSM6DSL.c                    0x00000000   Number         0  lsm6dsl.o ABSOLUTE
    ..\hardware\MahonyAHRS.c                 0x00000000   Number         0  mahonyahrs.o ABSOLUTE
    cdcmple.s                                0x00000000   Number         0  cdcmple.o ABSOLUTE
    cdrcmple.s                               0x00000000   Number         0  cdrcmple.o ABSOLUTE
    dc.s                                     0x00000000   Number         0  dc.o ABSOLUTE
    handlers.s                               0x00000000   Number         0  handlers.o ABSOLUTE
    init.s                                   0x00000000   Number         0  init.o ABSOLUTE
    startup_stm32g030xx.s                    0x00000000   Number         0  startup_stm32g030xx.o ABSOLUTE
    RESET                                    0x08000000   Section      192  startup_stm32g030xx.o(RESET)
    .ARM.Collect$$$$00000000                 0x080000c0   Section        0  entry.o(.ARM.Collect$$$$00000000)
    .ARM.Collect$$$$00000001                 0x080000c0   Section        4  entry2.o(.ARM.Collect$$$$00000001)
    .ARM.Collect$$$$00000004                 0x080000c4   Section        4  entry5.o(.ARM.Collect$$$$00000004)
    .ARM.Collect$$$$00000008                 0x080000c8   Section        0  entry7b.o(.ARM.Collect$$$$00000008)
    .ARM.Collect$$$$0000000A                 0x080000c8   Section        0  entry8b.o(.ARM.Collect$$$$0000000A)
    .ARM.Collect$$$$0000000B                 0x080000c8   Section        8  entry9a.o(.ARM.Collect$$$$0000000B)
    .ARM.Collect$$$$0000000E                 0x080000d0   Section        4  entry12b.o(.ARM.Collect$$$$0000000E)
    .ARM.Collect$$$$0000000F                 0x080000d4   Section        0  entry10a.o(.ARM.Collect$$$$0000000F)
    .ARM.Collect$$$$00000011                 0x080000d4   Section        0  entry11a.o(.ARM.Collect$$$$00000011)
    .ARM.Collect$$$$00002712                 0x080000d4   Section        4  entry2.o(.ARM.Collect$$$$00002712)
    __lit__00000000                          0x080000d4   Data           4  entry2.o(.ARM.Collect$$$$00002712)
    .text                                    0x080000d8   Section       28  startup_stm32g030xx.o(.text)
    .text                                    0x080000f4   Section        0  uidiv.o(.text)
    .text                                    0x08000120   Section        0  idiv.o(.text)
    .text                                    0x08000148   Section        0  memseta.o(.text)
    .text                                    0x0800016c   Section        0  fadd.o(.text)
    .text                                    0x0800021e   Section        0  fmul.o(.text)
    .text                                    0x08000298   Section        0  fdiv.o(.text)
    .text                                    0x08000314   Section        0  fscalb.o(.text)
    .text                                    0x0800032c   Section        0  dadd.o(.text)
    .text                                    0x08000494   Section        0  ddiv.o(.text)
    .text                                    0x08000584   Section        0  dscalb.o(.text)
    .text                                    0x080005b0   Section        0  fflti.o(.text)
    .text                                    0x080005c8   Section        0  dflti.o(.text)
    .text                                    0x080005f0   Section        0  f2d.o(.text)
    .text                                    0x08000618   Section        0  d2f.o(.text)
    .text                                    0x08000650   Section        0  uldiv.o(.text)
    .text                                    0x080006b0   Section        0  llshl.o(.text)
    .text                                    0x080006d0   Section        0  llsshr.o(.text)
    .text                                    0x080006f6   Section        0  fepilogue.o(.text)
    .text                                    0x080006f6   Section        0  iusefp.o(.text)
    .text                                    0x08000778   Section        0  fsqrt.o(.text)
    .text                                    0x080007d0   Section        0  depilogue.o(.text)
    .text                                    0x08000890   Section        0  dmul.o(.text)
    .text                                    0x08000960   Section        0  dfixul.o(.text)
    .text                                    0x080009a0   Section       40  cdcmple.o(.text)
    .text                                    0x080009c8   Section       40  cdrcmple.o(.text)
    .text                                    0x080009f0   Section       36  init.o(.text)
    .text                                    0x08000a14   Section        0  llushr.o(.text)
    i.EXTI0_1_IRQHandler                     0x08000a36   Section        0  stm32g0xx_it.o(i.EXTI0_1_IRQHandler)
    i.EXTI4_15_IRQHandler                    0x08000a46   Section        0  stm32g0xx_it.o(i.EXTI4_15_IRQHandler)
    i.Error_Handler                          0x08000a56   Section        0  main.o(i.Error_Handler)
    i.HAL_DMA_Abort                          0x08000a5c   Section        0  stm32g0xx_hal_dma.o(i.HAL_DMA_Abort)
    i.HAL_DMA_Abort_IT                       0x08000ad0   Section        0  stm32g0xx_hal_dma.o(i.HAL_DMA_Abort_IT)
    i.HAL_GPIO_EXTI_Falling_Callback         0x08000b4c   Section        0  stm32g0xx_hal_gpio.o(i.HAL_GPIO_EXTI_Falling_Callback)
    i.HAL_GPIO_EXTI_IRQHandler               0x08000b50   Section        0  stm32g0xx_hal_gpio.o(i.HAL_GPIO_EXTI_IRQHandler)
    i.HAL_GPIO_EXTI_Rising_Callback          0x08000b78   Section        0  gpio.o(i.HAL_GPIO_EXTI_Rising_Callback)
    i.HAL_GPIO_Init                          0x08000b8c   Section        0  stm32g0xx_hal_gpio.o(i.HAL_GPIO_Init)
    i.HAL_GPIO_TogglePin                     0x08000ce8   Section        0  stm32g0xx_hal_gpio.o(i.HAL_GPIO_TogglePin)
    i.HAL_GPIO_WritePin                      0x08000cf8   Section        0  stm32g0xx_hal_gpio.o(i.HAL_GPIO_WritePin)
    i.HAL_GetTick                            0x08000d04   Section        0  stm32g0xx_hal.o(i.HAL_GetTick)
    i.HAL_I2CEx_ConfigAnalogFilter           0x08000d10   Section        0  stm32g0xx_hal_i2c_ex.o(i.HAL_I2CEx_ConfigAnalogFilter)
    i.HAL_I2CEx_ConfigDigitalFilter          0x08000d5a   Section        0  stm32g0xx_hal_i2c_ex.o(i.HAL_I2CEx_ConfigDigitalFilter)
    i.HAL_I2C_Init                           0x08000da4   Section        0  stm32g0xx_hal_i2c.o(i.HAL_I2C_Init)
    i.HAL_I2C_Mem_Read                       0x08000e58   Section        0  stm32g0xx_hal_i2c.o(i.HAL_I2C_Mem_Read)
    i.HAL_I2C_Mem_Write                      0x08000fac   Section        0  stm32g0xx_hal_i2c.o(i.HAL_I2C_Mem_Write)
    i.HAL_I2C_MspInit                        0x080010f8   Section        0  i2c.o(i.HAL_I2C_MspInit)
    i.HAL_IncTick                            0x0800115c   Section        0  stm32g0xx_hal.o(i.HAL_IncTick)
    i.HAL_Init                               0x0800116c   Section        0  stm32g0xx_hal.o(i.HAL_Init)
    i.HAL_InitTick                           0x08001194   Section        0  stm32g0xx_hal.o(i.HAL_InitTick)
    i.HAL_MspInit                            0x080011dc   Section        0  stm32g0xx_hal_msp.o(i.HAL_MspInit)
    i.HAL_NVIC_EnableIRQ                     0x08001208   Section        0  stm32g0xx_hal_cortex.o(i.HAL_NVIC_EnableIRQ)
    i.HAL_NVIC_SetPriority                   0x08001220   Section        0  stm32g0xx_hal_cortex.o(i.HAL_NVIC_SetPriority)
    i.HAL_PWREx_ControlVoltageScaling        0x08001228   Section        0  stm32g0xx_hal_pwr_ex.o(i.HAL_PWREx_ControlVoltageScaling)
    i.HAL_RCCEx_PeriphCLKConfig              0x08001274   Section        0  stm32g0xx_hal_rcc_ex.o(i.HAL_RCCEx_PeriphCLKConfig)
    i.HAL_RCC_ClockConfig                    0x080013c0   Section        0  stm32g0xx_hal_rcc.o(i.HAL_RCC_ClockConfig)
    i.HAL_RCC_GetPCLK1Freq                   0x08001518   Section        0  stm32g0xx_hal_rcc.o(i.HAL_RCC_GetPCLK1Freq)
    i.HAL_RCC_GetSysClockFreq                0x08001540   Section        0  stm32g0xx_hal_rcc.o(i.HAL_RCC_GetSysClockFreq)
    i.HAL_RCC_OscConfig                      0x080015bc   Section        0  stm32g0xx_hal_rcc.o(i.HAL_RCC_OscConfig)
    i.HAL_SYSTICK_Config                     0x0800199c   Section        0  stm32g0xx_hal_cortex.o(i.HAL_SYSTICK_Config)
    i.HAL_TIMEx_Break2Callback               0x080019cc   Section        0  stm32g0xx_hal_tim_ex.o(i.HAL_TIMEx_Break2Callback)
    i.HAL_TIMEx_BreakCallback                0x080019ce   Section        0  stm32g0xx_hal_tim_ex.o(i.HAL_TIMEx_BreakCallback)
    i.HAL_TIMEx_CommutCallback               0x080019d0   Section        0  stm32g0xx_hal_tim_ex.o(i.HAL_TIMEx_CommutCallback)
    i.HAL_TIMEx_MasterConfigSynchronization  0x080019d4   Section        0  stm32g0xx_hal_tim_ex.o(i.HAL_TIMEx_MasterConfigSynchronization)
    i.HAL_TIM_Base_Init                      0x08001a38   Section        0  stm32g0xx_hal_tim.o(i.HAL_TIM_Base_Init)
    i.HAL_TIM_Base_MspInit                   0x08001a84   Section        0  tim.o(i.HAL_TIM_Base_MspInit)
    i.HAL_TIM_Base_Start_IT                  0x08001ab8   Section        0  stm32g0xx_hal_tim.o(i.HAL_TIM_Base_Start_IT)
    i.HAL_TIM_ConfigClockSource              0x08001b08   Section        0  stm32g0xx_hal_tim.o(i.HAL_TIM_ConfigClockSource)
    i.HAL_TIM_IC_CaptureCallback             0x08001be0   Section        0  stm32g0xx_hal_tim.o(i.HAL_TIM_IC_CaptureCallback)
    i.HAL_TIM_IRQHandler                     0x08001be4   Section        0  stm32g0xx_hal_tim.o(i.HAL_TIM_IRQHandler)
    i.HAL_TIM_OC_DelayElapsedCallback        0x08001d68   Section        0  stm32g0xx_hal_tim.o(i.HAL_TIM_OC_DelayElapsedCallback)
    i.HAL_TIM_PWM_PulseFinishedCallback      0x08001d6a   Section        0  stm32g0xx_hal_tim.o(i.HAL_TIM_PWM_PulseFinishedCallback)
    i.HAL_TIM_PeriodElapsedCallback          0x08001d6c   Section        0  main.o(i.HAL_TIM_PeriodElapsedCallback)
    i.HAL_TIM_TriggerCallback                0x08001d6e   Section        0  stm32g0xx_hal_tim.o(i.HAL_TIM_TriggerCallback)
    i.HAL_UARTEx_RxEventCallback             0x08001d70   Section        0  stm32g0xx_hal_uart.o(i.HAL_UARTEx_RxEventCallback)
    i.HAL_UARTEx_RxFifoFullCallback          0x08001d72   Section        0  stm32g0xx_hal_uart_ex.o(i.HAL_UARTEx_RxFifoFullCallback)
    i.HAL_UARTEx_TxFifoEmptyCallback         0x08001d74   Section        0  stm32g0xx_hal_uart_ex.o(i.HAL_UARTEx_TxFifoEmptyCallback)
    i.HAL_UARTEx_WakeupCallback              0x08001d76   Section        0  stm32g0xx_hal_uart_ex.o(i.HAL_UARTEx_WakeupCallback)
    i.HAL_UART_ErrorCallback                 0x08001d78   Section        0  stm32g0xx_hal_uart.o(i.HAL_UART_ErrorCallback)
    i.HAL_UART_IRQHandler                    0x08001d7c   Section        0  stm32g0xx_hal_uart.o(i.HAL_UART_IRQHandler)
    i.HAL_UART_Init                          0x08001fe0   Section        0  stm32g0xx_hal_uart.o(i.HAL_UART_Init)
    i.HAL_UART_MspInit                       0x0800204c   Section        0  usart.o(i.HAL_UART_MspInit)
    i.HAL_UART_Receive_IT                    0x080020b8   Section        0  stm32g0xx_hal_uart.o(i.HAL_UART_Receive_IT)
    i.HAL_UART_RxCpltCallback                0x080020fc   Section        0  stm32g0xx_hal_uart.o(i.HAL_UART_RxCpltCallback)
    i.HAL_UART_Transmit                      0x080020fe   Section        0  stm32g0xx_hal_uart.o(i.HAL_UART_Transmit)
    i.HAL_UART_TxCpltCallback                0x080021d6   Section        0  stm32g0xx_hal_uart.o(i.HAL_UART_TxCpltCallback)
    i.HardFault_Handler                      0x080021d8   Section        0  stm32g0xx_it.o(i.HardFault_Handler)
    i.I2C_Flush_TXDR                         0x080021da   Section        0  stm32g0xx_hal_i2c.o(i.I2C_Flush_TXDR)
    I2C_Flush_TXDR                           0x080021db   Thumb Code    34  stm32g0xx_hal_i2c.o(i.I2C_Flush_TXDR)
    i.I2C_IsAcknowledgeFailed                0x080021fc   Section        0  stm32g0xx_hal_i2c.o(i.I2C_IsAcknowledgeFailed)
    I2C_IsAcknowledgeFailed                  0x080021fd   Thumb Code   108  stm32g0xx_hal_i2c.o(i.I2C_IsAcknowledgeFailed)
    i.I2C_RequestMemoryRead                  0x0800226c   Section        0  stm32g0xx_hal_i2c.o(i.I2C_RequestMemoryRead)
    I2C_RequestMemoryRead                    0x0800226d   Thumb Code    92  stm32g0xx_hal_i2c.o(i.I2C_RequestMemoryRead)
    i.I2C_RequestMemoryWrite                 0x080022cc   Section        0  stm32g0xx_hal_i2c.o(i.I2C_RequestMemoryWrite)
    I2C_RequestMemoryWrite                   0x080022cd   Thumb Code    92  stm32g0xx_hal_i2c.o(i.I2C_RequestMemoryWrite)
    i.I2C_TransferConfig                     0x0800232c   Section        0  stm32g0xx_hal_i2c.o(i.I2C_TransferConfig)
    I2C_TransferConfig                       0x0800232d   Thumb Code    34  stm32g0xx_hal_i2c.o(i.I2C_TransferConfig)
    i.I2C_WaitOnFlagUntilTimeout             0x08002354   Section        0  stm32g0xx_hal_i2c.o(i.I2C_WaitOnFlagUntilTimeout)
    I2C_WaitOnFlagUntilTimeout               0x08002355   Thumb Code    78  stm32g0xx_hal_i2c.o(i.I2C_WaitOnFlagUntilTimeout)
    i.I2C_WaitOnSTOPFlagUntilTimeout         0x080023a2   Section        0  stm32g0xx_hal_i2c.o(i.I2C_WaitOnSTOPFlagUntilTimeout)
    I2C_WaitOnSTOPFlagUntilTimeout           0x080023a3   Thumb Code    76  stm32g0xx_hal_i2c.o(i.I2C_WaitOnSTOPFlagUntilTimeout)
    i.I2C_WaitOnTXISFlagUntilTimeout         0x080023ee   Section        0  stm32g0xx_hal_i2c.o(i.I2C_WaitOnTXISFlagUntilTimeout)
    I2C_WaitOnTXISFlagUntilTimeout           0x080023ef   Thumb Code    80  stm32g0xx_hal_i2c.o(i.I2C_WaitOnTXISFlagUntilTimeout)
    i.LSM6DSL_Accel                          0x08002440   Section        0  lsm6dsl.o(i.LSM6DSL_Accel)
    i.LSM6DSL_Gyro                           0x080024cc   Section        0  lsm6dsl.o(i.LSM6DSL_Gyro)
    i.LSM6DSL_ReadValu                       0x08002558   Section        0  lsm6dsl.o(i.LSM6DSL_ReadValu)
    i.LSM6DSL_Read_Accel                     0x080025b8   Section        0  lsm6dsl.o(i.LSM6DSL_Read_Accel)
    i.LSM6DSL_Read_Gyro                      0x080025e2   Section        0  lsm6dsl.o(i.LSM6DSL_Read_Gyro)
    i.LSM6DSL_Read_Len                       0x0800260c   Section        0  lsm6dsl.o(i.LSM6DSL_Read_Len)
    i.LSM6DSL_Read_Temp                      0x08002630   Section        0  lsm6dsl.o(i.LSM6DSL_Read_Temp)
    i.LSM6DSL_Write_Byte                     0x08002670   Section        0  lsm6dsl.o(i.LSM6DSL_Write_Byte)
    i.MX_GPIO_Init                           0x0800269c   Section        0  gpio.o(i.MX_GPIO_Init)
    i.MX_I2C1_Init                           0x08002764   Section        0  i2c.o(i.MX_I2C1_Init)
    i.MX_TIM3_Init                           0x080027bc   Section        0  tim.o(i.MX_TIM3_Init)
    i.MX_USART2_UART_Init                    0x0800282c   Section        0  usart.o(i.MX_USART2_UART_Init)
    i.Mahony_Init                            0x08002868   Section        0  mahonyahrs.o(i.Mahony_Init)
    i.Mahony_computeAngles                   0x0800289c   Section        0  mahonyahrs.o(i.Mahony_computeAngles)
    i.Mahony_invSqrt                         0x080029a0   Section        0  mahonyahrs.o(i.Mahony_invSqrt)
    i.Mahony_update                          0x080029f4   Section        0  mahonyahrs.o(i.Mahony_update)
    i.NMI_Handler                            0x08002f7c   Section        0  stm32g0xx_it.o(i.NMI_Handler)
    i.PendSV_Handler                         0x08002f7e   Section        0  stm32g0xx_it.o(i.PendSV_Handler)
    i.SVC_Handler                            0x08002f80   Section        0  stm32g0xx_it.o(i.SVC_Handler)
    i.SysTick_Handler                        0x08002f82   Section        0  stm32g0xx_it.o(i.SysTick_Handler)
    i.SystemClock_Config                     0x08002f8a   Section        0  main.o(i.SystemClock_Config)
    i.SystemInit                             0x08003010   Section        0  system_stm32g0xx.o(i.SystemInit)
    i.TIM3_IRQHandler                        0x08003020   Section        0  stm32g0xx_it.o(i.TIM3_IRQHandler)
    i.TIM_Base_SetConfig                     0x08003030   Section        0  stm32g0xx_hal_tim.o(i.TIM_Base_SetConfig)
    i.TIM_ETR_SetConfig                      0x080030a8   Section        0  stm32g0xx_hal_tim.o(i.TIM_ETR_SetConfig)
    i.TIM_ITRx_SetConfig                     0x080030c0   Section        0  stm32g0xx_hal_tim.o(i.TIM_ITRx_SetConfig)
    TIM_ITRx_SetConfig                       0x080030c1   Thumb Code    16  stm32g0xx_hal_tim.o(i.TIM_ITRx_SetConfig)
    i.TIM_TI1_ConfigInputStage               0x080030d4   Section        0  stm32g0xx_hal_tim.o(i.TIM_TI1_ConfigInputStage)
    TIM_TI1_ConfigInputStage                 0x080030d5   Thumb Code    34  stm32g0xx_hal_tim.o(i.TIM_TI1_ConfigInputStage)
    i.TIM_TI2_ConfigInputStage               0x080030f6   Section        0  stm32g0xx_hal_tim.o(i.TIM_TI2_ConfigInputStage)
    TIM_TI2_ConfigInputStage                 0x080030f7   Thumb Code    38  stm32g0xx_hal_tim.o(i.TIM_TI2_ConfigInputStage)
    i.UART_AdvFeatureConfig                  0x0800311c   Section        0  stm32g0xx_hal_uart.o(i.UART_AdvFeatureConfig)
    i.UART_CheckIdleState                    0x080031e8   Section        0  stm32g0xx_hal_uart.o(i.UART_CheckIdleState)
    i.UART_DMAAbortOnError                   0x0800324c   Section        0  stm32g0xx_hal_uart.o(i.UART_DMAAbortOnError)
    UART_DMAAbortOnError                     0x0800324d   Thumb Code    20  stm32g0xx_hal_uart.o(i.UART_DMAAbortOnError)
    i.UART_EndRxTransfer                     0x08003260   Section        0  stm32g0xx_hal_uart.o(i.UART_EndRxTransfer)
    UART_EndRxTransfer                       0x08003261   Thumb Code    52  stm32g0xx_hal_uart.o(i.UART_EndRxTransfer)
    i.UART_RxISR_16BIT                       0x08003298   Section        0  stm32g0xx_hal_uart.o(i.UART_RxISR_16BIT)
    UART_RxISR_16BIT                         0x08003299   Thumb Code   122  stm32g0xx_hal_uart.o(i.UART_RxISR_16BIT)
    i.UART_RxISR_16BIT_FIFOEN                0x08003314   Section        0  stm32g0xx_hal_uart.o(i.UART_RxISR_16BIT_FIFOEN)
    UART_RxISR_16BIT_FIFOEN                  0x08003315   Thumb Code   308  stm32g0xx_hal_uart.o(i.UART_RxISR_16BIT_FIFOEN)
    i.UART_RxISR_8BIT                        0x08003450   Section        0  stm32g0xx_hal_uart.o(i.UART_RxISR_8BIT)
    UART_RxISR_8BIT                          0x08003451   Thumb Code   122  stm32g0xx_hal_uart.o(i.UART_RxISR_8BIT)
    i.UART_RxISR_8BIT_FIFOEN                 0x080034cc   Section        0  stm32g0xx_hal_uart.o(i.UART_RxISR_8BIT_FIFOEN)
    UART_RxISR_8BIT_FIFOEN                   0x080034cd   Thumb Code   308  stm32g0xx_hal_uart.o(i.UART_RxISR_8BIT_FIFOEN)
    i.UART_SetConfig                         0x08003608   Section        0  stm32g0xx_hal_uart.o(i.UART_SetConfig)
    i.UART_Start_Receive_IT                  0x08003774   Section        0  stm32g0xx_hal_uart.o(i.UART_Start_Receive_IT)
    i.UART_WaitOnFlagUntilTimeout            0x08003854   Section        0  stm32g0xx_hal_uart.o(i.UART_WaitOnFlagUntilTimeout)
    i.USART2_IRQHandler                      0x080038f0   Section        0  stm32g0xx_it.o(i.USART2_IRQHandler)
    i.__0printf                              0x08003900   Section        0  printfa.o(i.__0printf)
    i.__ARM_clz                              0x08003920   Section        0  depilogue.o(i.__ARM_clz)
    i.__ARM_fpclassify                       0x08003950   Section        0  fpclassify.o(i.__ARM_fpclassify)
    i.__ARM_fpclassifyf                      0x0800397c   Section        0  fpclassifyf.o(i.__ARM_fpclassifyf)
    i.__NVIC_SetPriority                     0x080039a0   Section        0  stm32g0xx_hal_cortex.o(i.__NVIC_SetPriority)
    __NVIC_SetPriority                       0x080039a1   Thumb Code    60  stm32g0xx_hal_cortex.o(i.__NVIC_SetPriority)
    i.__kernel_poly                          0x080039e4   Section        0  poly.o(i.__kernel_poly)
    i.__mathlib_dbl_infnan                   0x08003a90   Section        0  dunder.o(i.__mathlib_dbl_infnan)
    i.__mathlib_dbl_infnan2                  0x08003a9a   Section        0  dunder.o(i.__mathlib_dbl_infnan2)
    i.__mathlib_dbl_underflow                0x08003aa4   Section        0  dunder.o(i.__mathlib_dbl_underflow)
    i.__mathlib_flt_infnan                   0x08003ab8   Section        0  funder.o(i.__mathlib_flt_infnan)
    i.__mathlib_flt_infnan2                  0x08003ac2   Section        0  funder.o(i.__mathlib_flt_infnan2)
    i.__mathlib_flt_invalid                  0x08003aca   Section        0  funder.o(i.__mathlib_flt_invalid)
    i.__mathlib_flt_underflow                0x08003ad6   Section        0  funder.o(i.__mathlib_flt_underflow)
    i.__scatterload_copy                     0x08003ae4   Section       14  handlers.o(i.__scatterload_copy)
    i.__scatterload_null                     0x08003af2   Section        2  handlers.o(i.__scatterload_null)
    i.__scatterload_zeroinit                 0x08003af4   Section       14  handlers.o(i.__scatterload_zeroinit)
    i.__set_errno                            0x08003b04   Section        0  errno.o(i.__set_errno)
    i._fp_digits                             0x08003b10   Section        0  printfa.o(i._fp_digits)
    _fp_digits                               0x08003b11   Thumb Code   344  printfa.o(i._fp_digits)
    i._printf_core                           0x08003c84   Section        0  printfa.o(i._printf_core)
    _printf_core                             0x08003c85   Thumb Code  1760  printfa.o(i._printf_core)
    i._printf_post_padding                   0x08004374   Section        0  printfa.o(i._printf_post_padding)
    _printf_post_padding                     0x08004375   Thumb Code    32  printfa.o(i._printf_post_padding)
    i._printf_pre_padding                    0x08004394   Section        0  printfa.o(i._printf_pre_padding)
    _printf_pre_padding                      0x08004395   Thumb Code    44  printfa.o(i._printf_pre_padding)
    i.asinf                                  0x080043c0   Section        0  asinf.o(i.asinf)
    i.atan                                   0x080044d8   Section        0  atan.o(i.atan)
    i.atan2                                  0x080046f4   Section        0  atan2.o(i.atan2)
    i.atan2f                                 0x08004890   Section        0  atan2f.o(i.atan2f)
    i.fputc                                  0x08004b2c   Section        0  main.o(i.fputc)
    i.lsm6dsl_Init                           0x08004b44   Section        0  lsm6dsl.o(i.lsm6dsl_Init)
    i.main                                   0x08004bbc   Section        0  main.o(i.main)
    i.sqrtf                                  0x08004d34   Section        0  sqrtf.o(i.sqrtf)
    i.uart_error                             0x08004d60   Section        0  main.o(i.uart_error)
    .constdata                               0x08004da4   Section       24  stm32g0xx_hal_uart.o(.constdata)
    .constdata                               0x08004dbc   Section       64  system_stm32g0xx.o(.constdata)
    .constdata                               0x08004dfc   Section       32  system_stm32g0xx.o(.constdata)
    .constdata                               0x08004e20   Section      152  atan.o(.constdata)
    atanhi                                   0x08004e20   Data          32  atan.o(.constdata)
    atanlo                                   0x08004e40   Data          32  atan.o(.constdata)
    aTodd                                    0x08004e60   Data          40  atan.o(.constdata)
    aTeven                                   0x08004e88   Data          48  atan.o(.constdata)
    .constdata                               0x08004eb8   Section        8  qnan.o(.constdata)
    .data                                    0x20000000   Section       12  stm32g0xx_hal.o(.data)
    .data                                    0x2000000c   Section        4  system_stm32g0xx.o(.data)
    .data                                    0x20000010   Section       48  mahonyahrs.o(.data)
    .data                                    0x20000040   Section       96  lsm6dsl.o(.data)
    .data                                    0x200000a0   Section        4  stdout.o(.data)
    .data                                    0x200000a4   Section        4  errno.o(.data)
    _errno                                   0x200000a4   Data           4  errno.o(.data)
    .bss                                     0x200000a8   Section       76  i2c.o(.bss)
    .bss                                     0x200000f4   Section       76  tim.o(.bss)
    .bss                                     0x20000140   Section      144  usart.o(.bss)
    STACK                                    0x200001d0   Section     1024  startup_stm32g030xx.o(STACK)

    Global Symbols

    Symbol Name                              Value     Ov Type        Size  Object(Section)

    BuildAttributes$$THM_ISAv3M$S$PE$A:L22$X:L11$S22$IEEE1$IW$USESV6$~STKCKD$USESV7$~SHL$OTIME$ROPI$IEEEX$EBA8$MICROLIB$REQ8$PRES8$EABIv2 0x00000000   Number         0  anon$$obj.o ABSOLUTE
    __ARM_use_no_argv                        0x00000000   Number         0  main.o ABSOLUTE
    __use_no_errno                           0x00000000   Number         0  useno.o ABSOLUTE
    __use_no_exception_handling              0x00000000   Number         0  useno.o ABSOLUTE
    __use_no_fp                              0x00000000   Number         0  useno.o ABSOLUTE
    __use_no_heap                            0x00000000   Number         0  useno.o ABSOLUTE
    __use_no_heap_region                     0x00000000   Number         0  useno.o ABSOLUTE
    __use_no_semihosting                     0x00000000   Number         0  useno.o ABSOLUTE
    __use_no_semihosting_swi                 0x00000000   Number         0  useno.o ABSOLUTE
    __use_no_signal_handling                 0x00000000   Number         0  useno.o ABSOLUTE
    _printf_a                                0x00000000   Number         0  stubs.o ABSOLUTE
    _printf_c                                0x00000000   Number         0  stubs.o ABSOLUTE
    _printf_charcount                        0x00000000   Number         0  stubs.o ABSOLUTE
    _printf_d                                0x00000000   Number         0  stubs.o ABSOLUTE
    _printf_e                                0x00000000   Number         0  stubs.o ABSOLUTE
    _printf_f                                0x00000000   Number         0  stubs.o ABSOLUTE
    _printf_flags                            0x00000000   Number         0  stubs.o ABSOLUTE
    _printf_fp_dec                           0x00000000   Number         0  stubs.o ABSOLUTE
    _printf_fp_hex                           0x00000000   Number         0  stubs.o ABSOLUTE
    _printf_g                                0x00000000   Number         0  stubs.o ABSOLUTE
    _printf_i                                0x00000000   Number         0  stubs.o ABSOLUTE
    _printf_int_dec                          0x00000000   Number         0  stubs.o ABSOLUTE
    _printf_l                                0x00000000   Number         0  stubs.o ABSOLUTE
    _printf_lc                               0x00000000   Number         0  stubs.o ABSOLUTE
    _printf_ll                               0x00000000   Number         0  stubs.o ABSOLUTE
    _printf_lld                              0x00000000   Number         0  stubs.o ABSOLUTE
    _printf_lli                              0x00000000   Number         0  stubs.o ABSOLUTE
    _printf_llo                              0x00000000   Number         0  stubs.o ABSOLUTE
    _printf_llu                              0x00000000   Number         0  stubs.o ABSOLUTE
    _printf_llx                              0x00000000   Number         0  stubs.o ABSOLUTE
    _printf_longlong_dec                     0x00000000   Number         0  stubs.o ABSOLUTE
    _printf_longlong_hex                     0x00000000   Number         0  stubs.o ABSOLUTE
    _printf_longlong_oct                     0x00000000   Number         0  stubs.o ABSOLUTE
    _printf_ls                               0x00000000   Number         0  stubs.o ABSOLUTE
    _printf_mbtowc                           0x00000000   Number         0  stubs.o ABSOLUTE
    _printf_n                                0x00000000   Number         0  stubs.o ABSOLUTE
    _printf_o                                0x00000000   Number         0  stubs.o ABSOLUTE
    _printf_p                                0x00000000   Number         0  stubs.o ABSOLUTE
    _printf_percent                          0x00000000   Number         0  stubs.o ABSOLUTE
    _printf_pre_padding                      0x00000000   Number         0  stubs.o ABSOLUTE
    _printf_return_value                     0x00000000   Number         0  stubs.o ABSOLUTE
    _printf_s                                0x00000000   Number         0  stubs.o ABSOLUTE
    _printf_sizespec                         0x00000000   Number         0  stubs.o ABSOLUTE
    _printf_str                              0x00000000   Number         0  stubs.o ABSOLUTE
    _printf_truncate_signed                  0x00000000   Number         0  stubs.o ABSOLUTE
    _printf_truncate_unsigned                0x00000000   Number         0  stubs.o ABSOLUTE
    _printf_u                                0x00000000   Number         0  stubs.o ABSOLUTE
    _printf_wc                               0x00000000   Number         0  stubs.o ABSOLUTE
    _printf_wctomb                           0x00000000   Number         0  stubs.o ABSOLUTE
    _printf_widthprec                        0x00000000   Number         0  stubs.o ABSOLUTE
    _printf_x                                0x00000000   Number         0  stubs.o ABSOLUTE
    __arm_fini_                               - Undefined Weak Reference
    __cpp_initialize__aeabi_                  - Undefined Weak Reference
    __cxa_finalize                            - Undefined Weak Reference
    __decompress                              - Undefined Weak Reference
    _clock_init                               - Undefined Weak Reference
    _microlib_exit                            - Undefined Weak Reference
    __Vectors_Size                           0x000000c0   Number         0  startup_stm32g030xx.o ABSOLUTE
    __Vectors                                0x08000000   Data           4  startup_stm32g030xx.o(RESET)
    __Vectors_End                            0x080000c0   Data           0  startup_stm32g030xx.o(RESET)
    __main                                   0x080000c1   Thumb Code     0  entry.o(.ARM.Collect$$$$00000000)
    _main_stk                                0x080000c1   Thumb Code     0  entry2.o(.ARM.Collect$$$$00000001)
    _main_scatterload                        0x080000c5   Thumb Code     0  entry5.o(.ARM.Collect$$$$00000004)
    __main_after_scatterload                 0x080000c9   Thumb Code     0  entry5.o(.ARM.Collect$$$$00000004)
    _main_clock                              0x080000c9   Thumb Code     0  entry7b.o(.ARM.Collect$$$$00000008)
    _main_cpp_init                           0x080000c9   Thumb Code     0  entry8b.o(.ARM.Collect$$$$0000000A)
    _main_init                               0x080000c9   Thumb Code     0  entry9a.o(.ARM.Collect$$$$0000000B)
    __rt_lib_shutdown_fini                   0x080000d1   Thumb Code     0  entry12b.o(.ARM.Collect$$$$0000000E)
    __rt_final_cpp                           0x080000d5   Thumb Code     0  entry10a.o(.ARM.Collect$$$$0000000F)
    __rt_final_exit                          0x080000d5   Thumb Code     0  entry11a.o(.ARM.Collect$$$$00000011)
    Reset_Handler                            0x080000d9   Thumb Code     8  startup_stm32g030xx.o(.text)
    ADC1_IRQHandler                          0x080000eb   Thumb Code     0  startup_stm32g030xx.o(.text)
    DMA1_Ch4_5_DMAMUX1_OVR_IRQHandler        0x080000eb   Thumb Code     0  startup_stm32g030xx.o(.text)
    DMA1_Channel1_IRQHandler                 0x080000eb   Thumb Code     0  startup_stm32g030xx.o(.text)
    DMA1_Channel2_3_IRQHandler               0x080000eb   Thumb Code     0  startup_stm32g030xx.o(.text)
    EXTI2_3_IRQHandler                       0x080000eb   Thumb Code     0  startup_stm32g030xx.o(.text)
    FLASH_IRQHandler                         0x080000eb   Thumb Code     0  startup_stm32g030xx.o(.text)
    I2C1_IRQHandler                          0x080000eb   Thumb Code     0  startup_stm32g030xx.o(.text)
    I2C2_IRQHandler                          0x080000eb   Thumb Code     0  startup_stm32g030xx.o(.text)
    RCC_IRQHandler                           0x080000eb   Thumb Code     0  startup_stm32g030xx.o(.text)
    RTC_TAMP_IRQHandler                      0x080000eb   Thumb Code     0  startup_stm32g030xx.o(.text)
    SPI1_IRQHandler                          0x080000eb   Thumb Code     0  startup_stm32g030xx.o(.text)
    SPI2_IRQHandler                          0x080000eb   Thumb Code     0  startup_stm32g030xx.o(.text)
    TIM14_IRQHandler                         0x080000eb   Thumb Code     0  startup_stm32g030xx.o(.text)
    TIM16_IRQHandler                         0x080000eb   Thumb Code     0  startup_stm32g030xx.o(.text)
    TIM17_IRQHandler                         0x080000eb   Thumb Code     0  startup_stm32g030xx.o(.text)
    TIM1_BRK_UP_TRG_COM_IRQHandler           0x080000eb   Thumb Code     0  startup_stm32g030xx.o(.text)
    TIM1_CC_IRQHandler                       0x080000eb   Thumb Code     0  startup_stm32g030xx.o(.text)
    USART1_IRQHandler                        0x080000eb   Thumb Code     0  startup_stm32g030xx.o(.text)
    WWDG_IRQHandler                          0x080000eb   Thumb Code     0  startup_stm32g030xx.o(.text)
    __aeabi_uidiv                            0x080000f5   Thumb Code     0  uidiv.o(.text)
    __aeabi_uidivmod                         0x080000f5   Thumb Code    44  uidiv.o(.text)
    __aeabi_idiv                             0x08000121   Thumb Code     0  idiv.o(.text)
    __aeabi_idivmod                          0x08000121   Thumb Code    40  idiv.o(.text)
    __aeabi_memset                           0x08000149   Thumb Code    14  memseta.o(.text)
    __aeabi_memset4                          0x08000149   Thumb Code     0  memseta.o(.text)
    __aeabi_memset8                          0x08000149   Thumb Code     0  memseta.o(.text)
    __aeabi_memclr                           0x08000157   Thumb Code     4  memseta.o(.text)
    __aeabi_memclr4                          0x08000157   Thumb Code     0  memseta.o(.text)
    __aeabi_memclr8                          0x08000157   Thumb Code     0  memseta.o(.text)
    _memset$wrapper                          0x0800015b   Thumb Code    18  memseta.o(.text)
    __aeabi_fadd                             0x0800016d   Thumb Code   162  fadd.o(.text)
    __aeabi_fsub                             0x0800020f   Thumb Code     8  fadd.o(.text)
    __aeabi_frsub                            0x08000217   Thumb Code     8  fadd.o(.text)
    __aeabi_fmul                             0x0800021f   Thumb Code   122  fmul.o(.text)
    __aeabi_fdiv                             0x08000299   Thumb Code   124  fdiv.o(.text)
    __ARM_scalbnf                            0x08000315   Thumb Code    24  fscalb.o(.text)
    scalbnf                                  0x08000315   Thumb Code     0  fscalb.o(.text)
    __aeabi_dadd                             0x0800032d   Thumb Code   330  dadd.o(.text)
    __aeabi_dsub                             0x08000477   Thumb Code    12  dadd.o(.text)
    __aeabi_drsub                            0x08000483   Thumb Code    12  dadd.o(.text)
    __aeabi_ddiv                             0x08000495   Thumb Code   234  ddiv.o(.text)
    __ARM_scalbn                             0x08000585   Thumb Code    44  dscalb.o(.text)
    scalbn                                   0x08000585   Thumb Code     0  dscalb.o(.text)
    __aeabi_i2f                              0x080005b1   Thumb Code    22  fflti.o(.text)
    __aeabi_i2d                              0x080005c9   Thumb Code    34  dflti.o(.text)
    __aeabi_f2d                              0x080005f1   Thumb Code    40  f2d.o(.text)
    __aeabi_d2f                              0x08000619   Thumb Code    56  d2f.o(.text)
    __aeabi_uldivmod                         0x08000651   Thumb Code    96  uldiv.o(.text)
    __aeabi_llsl                             0x080006b1   Thumb Code    32  llshl.o(.text)
    _ll_shift_l                              0x080006b1   Thumb Code     0  llshl.o(.text)
    __aeabi_lasr                             0x080006d1   Thumb Code    38  llsshr.o(.text)
    _ll_sshift_r                             0x080006d1   Thumb Code     0  llsshr.o(.text)
    __I$use$fp                               0x080006f7   Thumb Code     0  iusefp.o(.text)
    _float_round                             0x080006f7   Thumb Code    16  fepilogue.o(.text)
    _float_epilogue                          0x08000707   Thumb Code   114  fepilogue.o(.text)
    _fsqrt                                   0x08000779   Thumb Code    88  fsqrt.o(.text)
    _double_round                            0x080007d1   Thumb Code    26  depilogue.o(.text)
    _double_epilogue                         0x080007eb   Thumb Code   164  depilogue.o(.text)
    __aeabi_dmul                             0x08000891   Thumb Code   202  dmul.o(.text)
    __aeabi_d2ulz                            0x08000961   Thumb Code    54  dfixul.o(.text)
    __aeabi_cdcmpeq                          0x080009a1   Thumb Code     0  cdcmple.o(.text)
    __aeabi_cdcmple                          0x080009a1   Thumb Code    38  cdcmple.o(.text)
    __aeabi_cdrcmple                         0x080009c9   Thumb Code    38  cdrcmple.o(.text)
    __scatterload                            0x080009f1   Thumb Code    28  init.o(.text)
    __scatterload_rt2                        0x080009f1   Thumb Code     0  init.o(.text)
    __aeabi_llsr                             0x08000a15   Thumb Code    34  llushr.o(.text)
    _ll_ushift_r                             0x08000a15   Thumb Code     0  llushr.o(.text)
    EXTI0_1_IRQHandler                       0x08000a37   Thumb Code    16  stm32g0xx_it.o(i.EXTI0_1_IRQHandler)
    EXTI4_15_IRQHandler                      0x08000a47   Thumb Code    16  stm32g0xx_it.o(i.EXTI4_15_IRQHandler)
    Error_Handler                            0x08000a57   Thumb Code     4  main.o(i.Error_Handler)
    HAL_DMA_Abort                            0x08000a5d   Thumb Code   112  stm32g0xx_hal_dma.o(i.HAL_DMA_Abort)
    HAL_DMA_Abort_IT                         0x08000ad1   Thumb Code   118  stm32g0xx_hal_dma.o(i.HAL_DMA_Abort_IT)
    HAL_GPIO_EXTI_Falling_Callback           0x08000b4d   Thumb Code     2  stm32g0xx_hal_gpio.o(i.HAL_GPIO_EXTI_Falling_Callback)
    HAL_GPIO_EXTI_IRQHandler                 0x08000b51   Thumb Code    36  stm32g0xx_hal_gpio.o(i.HAL_GPIO_EXTI_IRQHandler)
    HAL_GPIO_EXTI_Rising_Callback            0x08000b79   Thumb Code    18  gpio.o(i.HAL_GPIO_EXTI_Rising_Callback)
    HAL_GPIO_Init                            0x08000b8d   Thumb Code   330  stm32g0xx_hal_gpio.o(i.HAL_GPIO_Init)
    HAL_GPIO_TogglePin                       0x08000ce9   Thumb Code    16  stm32g0xx_hal_gpio.o(i.HAL_GPIO_TogglePin)
    HAL_GPIO_WritePin                        0x08000cf9   Thumb Code    12  stm32g0xx_hal_gpio.o(i.HAL_GPIO_WritePin)
    HAL_GetTick                              0x08000d05   Thumb Code     6  stm32g0xx_hal.o(i.HAL_GetTick)
    HAL_I2CEx_ConfigAnalogFilter             0x08000d11   Thumb Code    74  stm32g0xx_hal_i2c_ex.o(i.HAL_I2CEx_ConfigAnalogFilter)
    HAL_I2CEx_ConfigDigitalFilter            0x08000d5b   Thumb Code    72  stm32g0xx_hal_i2c_ex.o(i.HAL_I2CEx_ConfigDigitalFilter)
    HAL_I2C_Init                             0x08000da5   Thumb Code   176  stm32g0xx_hal_i2c.o(i.HAL_I2C_Init)
    HAL_I2C_Mem_Read                         0x08000e59   Thumb Code   332  stm32g0xx_hal_i2c.o(i.HAL_I2C_Mem_Read)
    HAL_I2C_Mem_Write                        0x08000fad   Thumb Code   326  stm32g0xx_hal_i2c.o(i.HAL_I2C_Mem_Write)
    HAL_I2C_MspInit                          0x080010f9   Thumb Code    88  i2c.o(i.HAL_I2C_MspInit)
    HAL_IncTick                              0x0800115d   Thumb Code    12  stm32g0xx_hal.o(i.HAL_IncTick)
    HAL_Init                                 0x0800116d   Thumb Code    36  stm32g0xx_hal.o(i.HAL_Init)
    HAL_InitTick                             0x08001195   Thumb Code    64  stm32g0xx_hal.o(i.HAL_InitTick)
    HAL_MspInit                              0x080011dd   Thumb Code    38  stm32g0xx_hal_msp.o(i.HAL_MspInit)
    HAL_NVIC_EnableIRQ                       0x08001209   Thumb Code    18  stm32g0xx_hal_cortex.o(i.HAL_NVIC_EnableIRQ)
    HAL_NVIC_SetPriority                     0x08001221   Thumb Code     8  stm32g0xx_hal_cortex.o(i.HAL_NVIC_SetPriority)
    HAL_PWREx_ControlVoltageScaling          0x08001229   Thumb Code    62  stm32g0xx_hal_pwr_ex.o(i.HAL_PWREx_ControlVoltageScaling)
    HAL_RCCEx_PeriphCLKConfig                0x08001275   Thumb Code   320  stm32g0xx_hal_rcc_ex.o(i.HAL_RCCEx_PeriphCLKConfig)
    HAL_RCC_ClockConfig                      0x080013c1   Thumb Code   318  stm32g0xx_hal_rcc.o(i.HAL_RCC_ClockConfig)
    HAL_RCC_GetPCLK1Freq                     0x08001519   Thumb Code    26  stm32g0xx_hal_rcc.o(i.HAL_RCC_GetPCLK1Freq)
    HAL_RCC_GetSysClockFreq                  0x08001541   Thumb Code   116  stm32g0xx_hal_rcc.o(i.HAL_RCC_GetSysClockFreq)
    HAL_RCC_OscConfig                        0x080015bd   Thumb Code   954  stm32g0xx_hal_rcc.o(i.HAL_RCC_OscConfig)
    HAL_SYSTICK_Config                       0x0800199d   Thumb Code    38  stm32g0xx_hal_cortex.o(i.HAL_SYSTICK_Config)
    HAL_TIMEx_Break2Callback                 0x080019cd   Thumb Code     2  stm32g0xx_hal_tim_ex.o(i.HAL_TIMEx_Break2Callback)
    HAL_TIMEx_BreakCallback                  0x080019cf   Thumb Code     2  stm32g0xx_hal_tim_ex.o(i.HAL_TIMEx_BreakCallback)
    HAL_TIMEx_CommutCallback                 0x080019d1   Thumb Code     2  stm32g0xx_hal_tim_ex.o(i.HAL_TIMEx_CommutCallback)
    HAL_TIMEx_MasterConfigSynchronization    0x080019d5   Thumb Code    90  stm32g0xx_hal_tim_ex.o(i.HAL_TIMEx_MasterConfigSynchronization)
    HAL_TIM_Base_Init                        0x08001a39   Thumb Code    76  stm32g0xx_hal_tim.o(i.HAL_TIM_Base_Init)
    HAL_TIM_Base_MspInit                     0x08001a85   Thumb Code    44  tim.o(i.HAL_TIM_Base_MspInit)
    HAL_TIM_Base_Start_IT                    0x08001ab9   Thumb Code    68  stm32g0xx_hal_tim.o(i.HAL_TIM_Base_Start_IT)
    HAL_TIM_ConfigClockSource                0x08001b09   Thumb Code   210  stm32g0xx_hal_tim.o(i.HAL_TIM_ConfigClockSource)
    HAL_TIM_IC_CaptureCallback               0x08001be1   Thumb Code     2  stm32g0xx_hal_tim.o(i.HAL_TIM_IC_CaptureCallback)
    HAL_TIM_IRQHandler                       0x08001be5   Thumb Code   382  stm32g0xx_hal_tim.o(i.HAL_TIM_IRQHandler)
    HAL_TIM_OC_DelayElapsedCallback          0x08001d69   Thumb Code     2  stm32g0xx_hal_tim.o(i.HAL_TIM_OC_DelayElapsedCallback)
    HAL_TIM_PWM_PulseFinishedCallback        0x08001d6b   Thumb Code     2  stm32g0xx_hal_tim.o(i.HAL_TIM_PWM_PulseFinishedCallback)
    HAL_TIM_PeriodElapsedCallback            0x08001d6d   Thumb Code     2  main.o(i.HAL_TIM_PeriodElapsedCallback)
    HAL_TIM_TriggerCallback                  0x08001d6f   Thumb Code     2  stm32g0xx_hal_tim.o(i.HAL_TIM_TriggerCallback)
    HAL_UARTEx_RxEventCallback               0x08001d71   Thumb Code     2  stm32g0xx_hal_uart.o(i.HAL_UARTEx_RxEventCallback)
    HAL_UARTEx_RxFifoFullCallback            0x08001d73   Thumb Code     2  stm32g0xx_hal_uart_ex.o(i.HAL_UARTEx_RxFifoFullCallback)
    HAL_UARTEx_TxFifoEmptyCallback           0x08001d75   Thumb Code     2  stm32g0xx_hal_uart_ex.o(i.HAL_UARTEx_TxFifoEmptyCallback)
    HAL_UARTEx_WakeupCallback                0x08001d77   Thumb Code     2  stm32g0xx_hal_uart_ex.o(i.HAL_UARTEx_WakeupCallback)
    HAL_UART_ErrorCallback                   0x08001d79   Thumb Code     2  stm32g0xx_hal_uart.o(i.HAL_UART_ErrorCallback)
    HAL_UART_IRQHandler                      0x08001d7d   Thumb Code   594  stm32g0xx_hal_uart.o(i.HAL_UART_IRQHandler)
    HAL_UART_Init                            0x08001fe1   Thumb Code   108  stm32g0xx_hal_uart.o(i.HAL_UART_Init)
    HAL_UART_MspInit                         0x0800204d   Thumb Code   100  usart.o(i.HAL_UART_MspInit)
    HAL_UART_Receive_IT                      0x080020b9   Thumb Code    68  stm32g0xx_hal_uart.o(i.HAL_UART_Receive_IT)
    HAL_UART_RxCpltCallback                  0x080020fd   Thumb Code     2  stm32g0xx_hal_uart.o(i.HAL_UART_RxCpltCallback)
    HAL_UART_Transmit                        0x080020ff   Thumb Code   216  stm32g0xx_hal_uart.o(i.HAL_UART_Transmit)
    HAL_UART_TxCpltCallback                  0x080021d7   Thumb Code     2  stm32g0xx_hal_uart.o(i.HAL_UART_TxCpltCallback)
    HardFault_Handler                        0x080021d9   Thumb Code     2  stm32g0xx_it.o(i.HardFault_Handler)
    LSM6DSL_Accel                            0x08002441   Thumb Code   128  lsm6dsl.o(i.LSM6DSL_Accel)
    LSM6DSL_Gyro                             0x080024cd   Thumb Code   128  lsm6dsl.o(i.LSM6DSL_Gyro)
    LSM6DSL_ReadValu                         0x08002559   Thumb Code    90  lsm6dsl.o(i.LSM6DSL_ReadValu)
    LSM6DSL_Read_Accel                       0x080025b9   Thumb Code    42  lsm6dsl.o(i.LSM6DSL_Read_Accel)
    LSM6DSL_Read_Gyro                        0x080025e3   Thumb Code    42  lsm6dsl.o(i.LSM6DSL_Read_Gyro)
    LSM6DSL_Read_Len                         0x0800260d   Thumb Code    30  lsm6dsl.o(i.LSM6DSL_Read_Len)
    LSM6DSL_Read_Temp                        0x08002631   Thumb Code    56  lsm6dsl.o(i.LSM6DSL_Read_Temp)
    LSM6DSL_Write_Byte                       0x08002671   Thumb Code    38  lsm6dsl.o(i.LSM6DSL_Write_Byte)
    MX_GPIO_Init                             0x0800269d   Thumb Code   188  gpio.o(i.MX_GPIO_Init)
    MX_I2C1_Init                             0x08002765   Thumb Code    76  i2c.o(i.MX_I2C1_Init)
    MX_TIM3_Init                             0x080027bd   Thumb Code   102  tim.o(i.MX_TIM3_Init)
    MX_USART2_UART_Init                      0x0800282d   Thumb Code    50  usart.o(i.MX_USART2_UART_Init)
    Mahony_Init                              0x08002869   Thumb Code    42  mahonyahrs.o(i.Mahony_Init)
    Mahony_computeAngles                     0x0800289d   Thumb Code   250  mahonyahrs.o(i.Mahony_computeAngles)
    Mahony_invSqrt                           0x080029a1   Thumb Code    80  mahonyahrs.o(i.Mahony_invSqrt)
    Mahony_update                            0x080029f5   Thumb Code  1412  mahonyahrs.o(i.Mahony_update)
    NMI_Handler                              0x08002f7d   Thumb Code     2  stm32g0xx_it.o(i.NMI_Handler)
    PendSV_Handler                           0x08002f7f   Thumb Code     2  stm32g0xx_it.o(i.PendSV_Handler)
    SVC_Handler                              0x08002f81   Thumb Code     2  stm32g0xx_it.o(i.SVC_Handler)
    SysTick_Handler                          0x08002f83   Thumb Code     8  stm32g0xx_it.o(i.SysTick_Handler)
    SystemClock_Config                       0x08002f8b   Thumb Code   132  main.o(i.SystemClock_Config)
    SystemInit                               0x08003011   Thumb Code    10  system_stm32g0xx.o(i.SystemInit)
    TIM3_IRQHandler                          0x08003021   Thumb Code    10  stm32g0xx_it.o(i.TIM3_IRQHandler)
    TIM_Base_SetConfig                       0x08003031   Thumb Code   100  stm32g0xx_hal_tim.o(i.TIM_Base_SetConfig)
    TIM_ETR_SetConfig                        0x080030a9   Thumb Code    22  stm32g0xx_hal_tim.o(i.TIM_ETR_SetConfig)
    UART_AdvFeatureConfig                    0x0800311d   Thumb Code   202  stm32g0xx_hal_uart.o(i.UART_AdvFeatureConfig)
    UART_CheckIdleState                      0x080031e9   Thumb Code    94  stm32g0xx_hal_uart.o(i.UART_CheckIdleState)
    UART_SetConfig                           0x08003609   Thumb Code   332  stm32g0xx_hal_uart.o(i.UART_SetConfig)
    UART_Start_Receive_IT                    0x08003775   Thumb Code   204  stm32g0xx_hal_uart.o(i.UART_Start_Receive_IT)
    UART_WaitOnFlagUntilTimeout              0x08003855   Thumb Code   156  stm32g0xx_hal_uart.o(i.UART_WaitOnFlagUntilTimeout)
    USART2_IRQHandler                        0x080038f1   Thumb Code    10  stm32g0xx_it.o(i.USART2_IRQHandler)
    __0printf                                0x08003901   Thumb Code    24  printfa.o(i.__0printf)
    __1printf                                0x08003901   Thumb Code     0  printfa.o(i.__0printf)
    __2printf                                0x08003901   Thumb Code     0  printfa.o(i.__0printf)
    __c89printf                              0x08003901   Thumb Code     0  printfa.o(i.__0printf)
    printf                                   0x08003901   Thumb Code     0  printfa.o(i.__0printf)
    __ARM_clz                                0x08003921   Thumb Code    46  depilogue.o(i.__ARM_clz)
    __ARM_fpclassify                         0x08003951   Thumb Code    40  fpclassify.o(i.__ARM_fpclassify)
    __ARM_fpclassifyf                        0x0800397d   Thumb Code    34  fpclassifyf.o(i.__ARM_fpclassifyf)
    __kernel_poly                            0x080039e5   Thumb Code   172  poly.o(i.__kernel_poly)
    __mathlib_dbl_infnan                     0x08003a91   Thumb Code    10  dunder.o(i.__mathlib_dbl_infnan)
    __mathlib_dbl_infnan2                    0x08003a9b   Thumb Code     8  dunder.o(i.__mathlib_dbl_infnan2)
    __mathlib_dbl_underflow                  0x08003aa5   Thumb Code    14  dunder.o(i.__mathlib_dbl_underflow)
    __mathlib_flt_infnan                     0x08003ab9   Thumb Code    10  funder.o(i.__mathlib_flt_infnan)
    __mathlib_flt_infnan2                    0x08003ac3   Thumb Code     8  funder.o(i.__mathlib_flt_infnan2)
    __mathlib_flt_invalid                    0x08003acb   Thumb Code    12  funder.o(i.__mathlib_flt_invalid)
    __mathlib_flt_underflow                  0x08003ad7   Thumb Code    14  funder.o(i.__mathlib_flt_underflow)
    __scatterload_copy                       0x08003ae5   Thumb Code    14  handlers.o(i.__scatterload_copy)
    __scatterload_null                       0x08003af3   Thumb Code     2  handlers.o(i.__scatterload_null)
    __scatterload_zeroinit                   0x08003af5   Thumb Code    14  handlers.o(i.__scatterload_zeroinit)
    __set_errno                              0x08003b05   Thumb Code     6  errno.o(i.__set_errno)
    asinf                                    0x080043c1   Thumb Code   242  asinf.o(i.asinf)
    atan                                     0x080044d9   Thumb Code   472  atan.o(i.atan)
    atan2                                    0x080046f5   Thumb Code   372  atan2.o(i.atan2)
    atan2f                                   0x08004891   Thumb Code   592  atan2f.o(i.atan2f)
    fputc                                    0x08004b2d   Thumb Code    20  main.o(i.fputc)
    lsm6dsl_Init                             0x08004b45   Thumb Code   116  lsm6dsl.o(i.lsm6dsl_Init)
    main                                     0x08004bbd   Thumb Code   278  main.o(i.main)
    sqrtf                                    0x08004d35   Thumb Code    44  sqrtf.o(i.sqrtf)
    uart_error                               0x08004d61   Thumb Code    34  main.o(i.uart_error)
    UARTPrescTable                           0x08004da4   Data          24  stm32g0xx_hal_uart.o(.constdata)
    AHBPrescTable                            0x08004dbc   Data          64  system_stm32g0xx.o(.constdata)
    APBPrescTable                            0x08004dfc   Data          32  system_stm32g0xx.o(.constdata)
    __mathlib_zero                           0x08004eb8   Data           8  qnan.o(.constdata)
    Region$$Table$$Base                      0x08004ec0   Number         0  anon$$obj.o(Region$$Table)
    Region$$Table$$Limit                     0x08004ee0   Number         0  anon$$obj.o(Region$$Table)
    uwTickFreq                               0x20000000   Data           1  stm32g0xx_hal.o(.data)
    uwTickPrio                               0x20000004   Data           4  stm32g0xx_hal.o(.data)
    uwTick                                   0x20000008   Data           4  stm32g0xx_hal.o(.data)
    SystemCoreClock                          0x2000000c   Data           4  system_stm32g0xx.o(.data)
    anglesComputed                           0x20000010   Data           1  mahonyahrs.o(.data)
    twoKi                                    0x20000014   Data           4  mahonyahrs.o(.data)
    q0                                       0x20000018   Data           4  mahonyahrs.o(.data)
    q1                                       0x2000001c   Data           4  mahonyahrs.o(.data)
    q2                                       0x20000020   Data           4  mahonyahrs.o(.data)
    q3                                       0x20000024   Data           4  mahonyahrs.o(.data)
    integralFBx                              0x20000028   Data           4  mahonyahrs.o(.data)
    integralFBy                              0x2000002c   Data           4  mahonyahrs.o(.data)
    integralFBz                              0x20000030   Data           4  mahonyahrs.o(.data)
    invSampleFreq                            0x20000034   Data           4  mahonyahrs.o(.data)
    roll                                     0x20000038   Data           4  mahonyahrs.o(.data)
    pitch                                    0x2000003c   Data           4  mahonyahrs.o(.data)
    Mag_x                                    0x20000040   Data           2  lsm6dsl.o(.data)
    Mag_y                                    0x20000042   Data           2  lsm6dsl.o(.data)
    Mag_z                                    0x20000044   Data           2  lsm6dsl.o(.data)
    Accel_x                                  0x20000048   Data           4  lsm6dsl.o(.data)
    Accel_y                                  0x2000004c   Data           4  lsm6dsl.o(.data)
    Accel_z                                  0x20000050   Data           4  lsm6dsl.o(.data)
    Gyro_x                                   0x20000054   Data           4  lsm6dsl.o(.data)
    Gyro_y                                   0x20000058   Data           4  lsm6dsl.o(.data)
    Gyro_z                                   0x2000005c   Data           4  lsm6dsl.o(.data)
    Ax                                       0x20000060   Data           4  lsm6dsl.o(.data)
    Ay                                       0x20000064   Data           4  lsm6dsl.o(.data)
    Az                                       0x20000068   Data           4  lsm6dsl.o(.data)
    Gx                                       0x2000006c   Data           4  lsm6dsl.o(.data)
    Gy                                       0x20000070   Data           4  lsm6dsl.o(.data)
    Gz                                       0x20000074   Data           4  lsm6dsl.o(.data)
    Temp                                     0x20000078   Data           4  lsm6dsl.o(.data)
    TIMESTAMP0                               0x2000007c   Data           4  lsm6dsl.o(.data)
    TIMESTAMP1                               0x20000080   Data           4  lsm6dsl.o(.data)
    TIMESTAMP2                               0x20000084   Data           4  lsm6dsl.o(.data)
    ACC_Valu_First                           0x20000088   Data           6  lsm6dsl.o(.data)
    GYRO_Valu_First                          0x2000008e   Data           6  lsm6dsl.o(.data)
    ACC_Offset                               0x20000094   Data           6  lsm6dsl.o(.data)
    GYRO_Offset                              0x2000009a   Data           6  lsm6dsl.o(.data)
    __stdout                                 0x200000a0   Data           4  stdout.o(.data)
    hi2c1                                    0x200000a8   Data          76  i2c.o(.bss)
    htim3                                    0x200000f4   Data          76  tim.o(.bss)
    huart2                                   0x20000140   Data         144  usart.o(.bss)
    __initial_sp                             0x200005d0   Data           0  startup_stm32g030xx.o(STACK)



==============================================================================

Memory Map of the image

  Image Entry point : 0x080000c1

  Load Region LR_IROM1 (Base: 0x08000000, Size: 0x00004f88, Max: 0x00010000, ABSOLUTE)

    Execution Region ER_IROM1 (Exec base: 0x08000000, Load base: 0x08000000, Size: 0x00004ee0, Max: 0x00010000, ABSOLUTE)

    Exec Addr    Load Addr    Size         Type   Attr      Idx    E Section Name        Object

    0x08000000   0x08000000   0x000000c0   Data   RO            3    RESET               startup_stm32g030xx.o
    0x080000c0   0x080000c0   0x00000000   Code   RO         4164  * .ARM.Collect$$$$00000000  mc_p.l(entry.o)
    0x080000c0   0x080000c0   0x00000004   Code   RO         4512    .ARM.Collect$$$$00000001  mc_p.l(entry2.o)
    0x080000c4   0x080000c4   0x00000004   Code   RO         4515    .ARM.Collect$$$$00000004  mc_p.l(entry5.o)
    0x080000c8   0x080000c8   0x00000000   Code   RO         4517    .ARM.Collect$$$$00000008  mc_p.l(entry7b.o)
    0x080000c8   0x080000c8   0x00000000   Code   RO         4519    .ARM.Collect$$$$0000000A  mc_p.l(entry8b.o)
    0x080000c8   0x080000c8   0x00000008   Code   RO         4520    .ARM.Collect$$$$0000000B  mc_p.l(entry9a.o)
    0x080000d0   0x080000d0   0x00000004   Code   RO         4527    .ARM.Collect$$$$0000000E  mc_p.l(entry12b.o)
    0x080000d4   0x080000d4   0x00000000   Code   RO         4522    .ARM.Collect$$$$0000000F  mc_p.l(entry10a.o)
    0x080000d4   0x080000d4   0x00000000   Code   RO         4524    .ARM.Collect$$$$00000011  mc_p.l(entry11a.o)
    0x080000d4   0x080000d4   0x00000004   Code   RO         4513    .ARM.Collect$$$$00002712  mc_p.l(entry2.o)
    0x080000d8   0x080000d8   0x0000001c   Code   RO            4    .text               startup_stm32g030xx.o
    0x080000f4   0x080000f4   0x0000002c   Code   RO         4170    .text               mc_p.l(uidiv.o)
    0x08000120   0x08000120   0x00000028   Code   RO         4172    .text               mc_p.l(idiv.o)
    0x08000148   0x08000148   0x00000024   Code   RO         4176    .text               mc_p.l(memseta.o)
    0x0800016c   0x0800016c   0x000000b2   Code   RO         4447    .text               mf_p.l(fadd.o)
    0x0800021e   0x0800021e   0x0000007a   Code   RO         4449    .text               mf_p.l(fmul.o)
    0x08000298   0x08000298   0x0000007c   Code   RO         4451    .text               mf_p.l(fdiv.o)
    0x08000314   0x08000314   0x00000018   Code   RO         4453    .text               mf_p.l(fscalb.o)
    0x0800032c   0x0800032c   0x00000168   Code   RO         4455    .text               mf_p.l(dadd.o)
    0x08000494   0x08000494   0x000000f0   Code   RO         4457    .text               mf_p.l(ddiv.o)
    0x08000584   0x08000584   0x0000002c   Code   RO         4459    .text               mf_p.l(dscalb.o)
    0x080005b0   0x080005b0   0x00000016   Code   RO         4461    .text               mf_p.l(fflti.o)
    0x080005c6   0x080005c6   0x00000002   PAD
    0x080005c8   0x080005c8   0x00000028   Code   RO         4463    .text               mf_p.l(dflti.o)
    0x080005f0   0x080005f0   0x00000028   Code   RO         4467    .text               mf_p.l(f2d.o)
    0x08000618   0x08000618   0x00000038   Code   RO         4469    .text               mf_p.l(d2f.o)
    0x08000650   0x08000650   0x00000060   Code   RO         4528    .text               mc_p.l(uldiv.o)
    0x080006b0   0x080006b0   0x00000020   Code   RO         4530    .text               mc_p.l(llshl.o)
    0x080006d0   0x080006d0   0x00000026   Code   RO         4532    .text               mc_p.l(llsshr.o)
    0x080006f6   0x080006f6   0x00000000   Code   RO         4541    .text               mc_p.l(iusefp.o)
    0x080006f6   0x080006f6   0x00000082   Code   RO         4542    .text               mf_p.l(fepilogue.o)
    0x08000778   0x08000778   0x00000058   Code   RO         4544    .text               mf_p.l(fsqrt.o)
    0x080007d0   0x080007d0   0x000000be   Code   RO         4546    .text               mf_p.l(depilogue.o)
    0x0800088e   0x0800088e   0x00000002   PAD
    0x08000890   0x08000890   0x000000d0   Code   RO         4550    .text               mf_p.l(dmul.o)
    0x08000960   0x08000960   0x00000040   Code   RO         4552    .text               mf_p.l(dfixul.o)
    0x080009a0   0x080009a0   0x00000028   Code   RO         4554    .text               mf_p.l(cdcmple.o)
    0x080009c8   0x080009c8   0x00000028   Code   RO         4556    .text               mf_p.l(cdrcmple.o)
    0x080009f0   0x080009f0   0x00000024   Code   RO         4562    .text               mc_p.l(init.o)
    0x08000a14   0x08000a14   0x00000022   Code   RO         4564    .text               mc_p.l(llushr.o)
    0x08000a36   0x08000a36   0x00000010   Code   RO          356    i.EXTI0_1_IRQHandler  stm32g0xx_it.o
    0x08000a46   0x08000a46   0x00000010   Code   RO          357    i.EXTI4_15_IRQHandler  stm32g0xx_it.o
    0x08000a56   0x08000a56   0x00000004   Code   RO           12    i.Error_Handler     main.o
    0x08000a5a   0x08000a5a   0x00000002   PAD
    0x08000a5c   0x08000a5c   0x00000074   Code   RO         1368    i.HAL_DMA_Abort     stm32g0xx_hal_dma.o
    0x08000ad0   0x08000ad0   0x0000007c   Code   RO         1369    i.HAL_DMA_Abort_IT  stm32g0xx_hal_dma.o
    0x08000b4c   0x08000b4c   0x00000002   Code   RO         1298    i.HAL_GPIO_EXTI_Falling_Callback  stm32g0xx_hal_gpio.o
    0x08000b4e   0x08000b4e   0x00000002   PAD
    0x08000b50   0x08000b50   0x00000028   Code   RO         1299    i.HAL_GPIO_EXTI_IRQHandler  stm32g0xx_hal_gpio.o
    0x08000b78   0x08000b78   0x00000012   Code   RO          216    i.HAL_GPIO_EXTI_Rising_Callback  gpio.o
    0x08000b8a   0x08000b8a   0x00000002   PAD
    0x08000b8c   0x08000b8c   0x0000015c   Code   RO         1301    i.HAL_GPIO_Init     stm32g0xx_hal_gpio.o
    0x08000ce8   0x08000ce8   0x00000010   Code   RO         1304    i.HAL_GPIO_TogglePin  stm32g0xx_hal_gpio.o
    0x08000cf8   0x08000cf8   0x0000000c   Code   RO         1305    i.HAL_GPIO_WritePin  stm32g0xx_hal_gpio.o
    0x08000d04   0x08000d04   0x0000000c   Code   RO         1832    i.HAL_GetTick       stm32g0xx_hal.o
    0x08000d10   0x08000d10   0x0000004a   Code   RO          906    i.HAL_I2CEx_ConfigAnalogFilter  stm32g0xx_hal_i2c_ex.o
    0x08000d5a   0x08000d5a   0x00000048   Code   RO          907    i.HAL_I2CEx_ConfigDigitalFilter  stm32g0xx_hal_i2c_ex.o
    0x08000da2   0x08000da2   0x00000002   PAD
    0x08000da4   0x08000da4   0x000000b4   Code   RO          459    i.HAL_I2C_Init      stm32g0xx_hal_i2c.o
    0x08000e58   0x08000e58   0x00000154   Code   RO          477    i.HAL_I2C_Mem_Read  stm32g0xx_hal_i2c.o
    0x08000fac   0x08000fac   0x0000014c   Code   RO          480    i.HAL_I2C_Mem_Write  stm32g0xx_hal_i2c.o
    0x080010f8   0x080010f8   0x00000064   Code   RO          243    i.HAL_I2C_MspInit   i2c.o
    0x0800115c   0x0800115c   0x00000010   Code   RO         1838    i.HAL_IncTick       stm32g0xx_hal.o
    0x0800116c   0x0800116c   0x00000028   Code   RO         1839    i.HAL_Init          stm32g0xx_hal.o
    0x08001194   0x08001194   0x00000048   Code   RO         1840    i.HAL_InitTick      stm32g0xx_hal.o
    0x080011dc   0x080011dc   0x0000002c   Code   RO          428    i.HAL_MspInit       stm32g0xx_hal_msp.o
    0x08001208   0x08001208   0x00000018   Code   RO         1716    i.HAL_NVIC_EnableIRQ  stm32g0xx_hal_cortex.o
    0x08001220   0x08001220   0x00000008   Code   RO         1720    i.HAL_NVIC_SetPriority  stm32g0xx_hal_cortex.o
    0x08001228   0x08001228   0x0000004c   Code   RO         1601    i.HAL_PWREx_ControlVoltageScaling  stm32g0xx_hal_pwr_ex.o
    0x08001274   0x08001274   0x0000014c   Code   RO         1067    i.HAL_RCCEx_PeriphCLKConfig  stm32g0xx_hal_rcc_ex.o
    0x080013c0   0x080013c0   0x00000158   Code   RO          957    i.HAL_RCC_ClockConfig  stm32g0xx_hal_rcc.o
    0x08001518   0x08001518   0x00000028   Code   RO          965    i.HAL_RCC_GetPCLK1Freq  stm32g0xx_hal_rcc.o
    0x08001540   0x08001540   0x0000007c   Code   RO          966    i.HAL_RCC_GetSysClockFreq  stm32g0xx_hal_rcc.o
    0x080015bc   0x080015bc   0x000003e0   Code   RO          970    i.HAL_RCC_OscConfig  stm32g0xx_hal_rcc.o
    0x0800199c   0x0800199c   0x00000030   Code   RO         1724    i.HAL_SYSTICK_Config  stm32g0xx_hal_cortex.o
    0x080019cc   0x080019cc   0x00000002   Code   RO         2797    i.HAL_TIMEx_Break2Callback  stm32g0xx_hal_tim_ex.o
    0x080019ce   0x080019ce   0x00000002   Code   RO         2798    i.HAL_TIMEx_BreakCallback  stm32g0xx_hal_tim_ex.o
    0x080019d0   0x080019d0   0x00000002   Code   RO         2799    i.HAL_TIMEx_CommutCallback  stm32g0xx_hal_tim_ex.o
    0x080019d2   0x080019d2   0x00000002   PAD
    0x080019d4   0x080019d4   0x00000064   Code   RO         2820    i.HAL_TIMEx_MasterConfigSynchronization  stm32g0xx_hal_tim_ex.o
    0x08001a38   0x08001a38   0x0000004c   Code   RO         2087    i.HAL_TIM_Base_Init  stm32g0xx_hal_tim.o
    0x08001a84   0x08001a84   0x00000034   Code   RO          281    i.HAL_TIM_Base_MspInit  tim.o
    0x08001ab8   0x08001ab8   0x00000050   Code   RO         2092    i.HAL_TIM_Base_Start_IT  stm32g0xx_hal_tim.o
    0x08001b08   0x08001b08   0x000000d8   Code   RO         2096    i.HAL_TIM_ConfigClockSource  stm32g0xx_hal_tim.o
    0x08001be0   0x08001be0   0x00000002   Code   RO         2121    i.HAL_TIM_IC_CaptureCallback  stm32g0xx_hal_tim.o
    0x08001be2   0x08001be2   0x00000002   PAD
    0x08001be4   0x08001be4   0x00000184   Code   RO         2135    i.HAL_TIM_IRQHandler  stm32g0xx_hal_tim.o
    0x08001d68   0x08001d68   0x00000002   Code   RO         2138    i.HAL_TIM_OC_DelayElapsedCallback  stm32g0xx_hal_tim.o
    0x08001d6a   0x08001d6a   0x00000002   Code   RO         2165    i.HAL_TIM_PWM_PulseFinishedCallback  stm32g0xx_hal_tim.o
    0x08001d6c   0x08001d6c   0x00000002   Code   RO           13    i.HAL_TIM_PeriodElapsedCallback  main.o
    0x08001d6e   0x08001d6e   0x00000002   Code   RO         2178    i.HAL_TIM_TriggerCallback  stm32g0xx_hal_tim.o
    0x08001d70   0x08001d70   0x00000002   Code   RO         3105    i.HAL_UARTEx_RxEventCallback  stm32g0xx_hal_uart.o
    0x08001d72   0x08001d72   0x00000002   Code   RO         3519    i.HAL_UARTEx_RxFifoFullCallback  stm32g0xx_hal_uart_ex.o
    0x08001d74   0x08001d74   0x00000002   Code   RO         3523    i.HAL_UARTEx_TxFifoEmptyCallback  stm32g0xx_hal_uart_ex.o
    0x08001d76   0x08001d76   0x00000002   Code   RO         3524    i.HAL_UARTEx_WakeupCallback  stm32g0xx_hal_uart_ex.o
    0x08001d78   0x08001d78   0x00000002   Code   RO         3121    i.HAL_UART_ErrorCallback  stm32g0xx_hal_uart.o
    0x08001d7a   0x08001d7a   0x00000002   PAD
    0x08001d7c   0x08001d7c   0x00000264   Code   RO         3124    i.HAL_UART_IRQHandler  stm32g0xx_hal_uart.o
    0x08001fe0   0x08001fe0   0x0000006c   Code   RO         3125    i.HAL_UART_Init     stm32g0xx_hal_uart.o
    0x0800204c   0x0800204c   0x0000006c   Code   RO          319    i.HAL_UART_MspInit  usart.o
    0x080020b8   0x080020b8   0x00000044   Code   RO         3130    i.HAL_UART_Receive_IT  stm32g0xx_hal_uart.o
    0x080020fc   0x080020fc   0x00000002   Code   RO         3132    i.HAL_UART_RxCpltCallback  stm32g0xx_hal_uart.o
    0x080020fe   0x080020fe   0x000000d8   Code   RO         3134    i.HAL_UART_Transmit  stm32g0xx_hal_uart.o
    0x080021d6   0x080021d6   0x00000002   Code   RO         3137    i.HAL_UART_TxCpltCallback  stm32g0xx_hal_uart.o
    0x080021d8   0x080021d8   0x00000002   Code   RO          358    i.HardFault_Handler  stm32g0xx_it.o
    0x080021da   0x080021da   0x00000022   Code   RO          506    i.I2C_Flush_TXDR    stm32g0xx_hal_i2c.o
    0x080021fc   0x080021fc   0x00000070   Code   RO          514    i.I2C_IsAcknowledgeFailed  stm32g0xx_hal_i2c.o
    0x0800226c   0x0800226c   0x00000060   Code   RO          517    i.I2C_RequestMemoryRead  stm32g0xx_hal_i2c.o
    0x080022cc   0x080022cc   0x00000060   Code   RO          518    i.I2C_RequestMemoryWrite  stm32g0xx_hal_i2c.o
    0x0800232c   0x0800232c   0x00000028   Code   RO          521    i.I2C_TransferConfig  stm32g0xx_hal_i2c.o
    0x08002354   0x08002354   0x0000004e   Code   RO          523    i.I2C_WaitOnFlagUntilTimeout  stm32g0xx_hal_i2c.o
    0x080023a2   0x080023a2   0x0000004c   Code   RO          525    i.I2C_WaitOnSTOPFlagUntilTimeout  stm32g0xx_hal_i2c.o
    0x080023ee   0x080023ee   0x00000050   Code   RO          526    i.I2C_WaitOnTXISFlagUntilTimeout  stm32g0xx_hal_i2c.o
    0x0800243e   0x0800243e   0x00000002   PAD
    0x08002440   0x08002440   0x0000008c   Code   RO         3699    i.LSM6DSL_Accel     lsm6dsl.o
    0x080024cc   0x080024cc   0x0000008c   Code   RO         3700    i.LSM6DSL_Gyro      lsm6dsl.o
    0x08002558   0x08002558   0x00000060   Code   RO         3701    i.LSM6DSL_ReadValu  lsm6dsl.o
    0x080025b8   0x080025b8   0x0000002a   Code   RO         3702    i.LSM6DSL_Read_Accel  lsm6dsl.o
    0x080025e2   0x080025e2   0x0000002a   Code   RO         3704    i.LSM6DSL_Read_Gyro  lsm6dsl.o
    0x0800260c   0x0800260c   0x00000024   Code   RO         3705    i.LSM6DSL_Read_Len  lsm6dsl.o
    0x08002630   0x08002630   0x00000040   Code   RO         3707    i.LSM6DSL_Read_Temp  lsm6dsl.o
    0x08002670   0x08002670   0x0000002c   Code   RO         3709    i.LSM6DSL_Write_Byte  lsm6dsl.o
    0x0800269c   0x0800269c   0x000000c8   Code   RO          217    i.MX_GPIO_Init      gpio.o
    0x08002764   0x08002764   0x00000058   Code   RO          244    i.MX_I2C1_Init      i2c.o
    0x080027bc   0x080027bc   0x00000070   Code   RO          282    i.MX_TIM3_Init      tim.o
    0x0800282c   0x0800282c   0x0000003c   Code   RO          320    i.MX_USART2_UART_Init  usart.o
    0x08002868   0x08002868   0x00000034   Code   RO         3651    i.Mahony_Init       mahonyahrs.o
    0x0800289c   0x0800289c   0x00000104   Code   RO         3652    i.Mahony_computeAngles  mahonyahrs.o
    0x080029a0   0x080029a0   0x00000054   Code   RO         3653    i.Mahony_invSqrt    mahonyahrs.o
    0x080029f4   0x080029f4   0x00000588   Code   RO         3654    i.Mahony_update     mahonyahrs.o
    0x08002f7c   0x08002f7c   0x00000002   Code   RO          359    i.NMI_Handler       stm32g0xx_it.o
    0x08002f7e   0x08002f7e   0x00000002   Code   RO          360    i.PendSV_Handler    stm32g0xx_it.o
    0x08002f80   0x08002f80   0x00000002   Code   RO          361    i.SVC_Handler       stm32g0xx_it.o
    0x08002f82   0x08002f82   0x00000008   Code   RO          362    i.SysTick_Handler   stm32g0xx_it.o
    0x08002f8a   0x08002f8a   0x00000084   Code   RO           14    i.SystemClock_Config  main.o
    0x0800300e   0x0800300e   0x00000002   PAD
    0x08003010   0x08003010   0x00000010   Code   RO         3620    i.SystemInit        system_stm32g0xx.o
    0x08003020   0x08003020   0x00000010   Code   RO          363    i.TIM3_IRQHandler   stm32g0xx_it.o
    0x08003030   0x08003030   0x00000078   Code   RO         2180    i.TIM_Base_SetConfig  stm32g0xx_hal_tim.o
    0x080030a8   0x080030a8   0x00000016   Code   RO         2191    i.TIM_ETR_SetConfig  stm32g0xx_hal_tim.o
    0x080030be   0x080030be   0x00000002   PAD
    0x080030c0   0x080030c0   0x00000014   Code   RO         2192    i.TIM_ITRx_SetConfig  stm32g0xx_hal_tim.o
    0x080030d4   0x080030d4   0x00000022   Code   RO         2200    i.TIM_TI1_ConfigInputStage  stm32g0xx_hal_tim.o
    0x080030f6   0x080030f6   0x00000026   Code   RO         2202    i.TIM_TI2_ConfigInputStage  stm32g0xx_hal_tim.o
    0x0800311c   0x0800311c   0x000000ca   Code   RO         3139    i.UART_AdvFeatureConfig  stm32g0xx_hal_uart.o
    0x080031e6   0x080031e6   0x00000002   PAD
    0x080031e8   0x080031e8   0x00000064   Code   RO         3140    i.UART_CheckIdleState  stm32g0xx_hal_uart.o
    0x0800324c   0x0800324c   0x00000014   Code   RO         3141    i.UART_DMAAbortOnError  stm32g0xx_hal_uart.o
    0x08003260   0x08003260   0x00000038   Code   RO         3151    i.UART_EndRxTransfer  stm32g0xx_hal_uart.o
    0x08003298   0x08003298   0x0000007a   Code   RO         3153    i.UART_RxISR_16BIT  stm32g0xx_hal_uart.o
    0x08003312   0x08003312   0x00000002   PAD
    0x08003314   0x08003314   0x0000013c   Code   RO         3154    i.UART_RxISR_16BIT_FIFOEN  stm32g0xx_hal_uart.o
    0x08003450   0x08003450   0x0000007a   Code   RO         3155    i.UART_RxISR_8BIT   stm32g0xx_hal_uart.o
    0x080034ca   0x080034ca   0x00000002   PAD
    0x080034cc   0x080034cc   0x0000013c   Code   RO         3156    i.UART_RxISR_8BIT_FIFOEN  stm32g0xx_hal_uart.o
    0x08003608   0x08003608   0x0000016c   Code   RO         3157    i.UART_SetConfig    stm32g0xx_hal_uart.o
    0x08003774   0x08003774   0x000000e0   Code   RO         3159    i.UART_Start_Receive_IT  stm32g0xx_hal_uart.o
    0x08003854   0x08003854   0x0000009c   Code   RO         3164    i.UART_WaitOnFlagUntilTimeout  stm32g0xx_hal_uart.o
    0x080038f0   0x080038f0   0x00000010   Code   RO          364    i.USART2_IRQHandler  stm32g0xx_it.o
    0x08003900   0x08003900   0x00000020   Code   RO         4419    i.__0printf         mc_p.l(printfa.o)
    0x08003920   0x08003920   0x0000002e   Code   RO         4548    i.__ARM_clz         mf_p.l(depilogue.o)
    0x0800394e   0x0800394e   0x00000002   PAD
    0x08003950   0x08003950   0x0000002c   Code   RO         4558    i.__ARM_fpclassify  m_ps.l(fpclassify.o)
    0x0800397c   0x0800397c   0x00000022   Code   RO         4495    i.__ARM_fpclassifyf  m_ps.l(fpclassifyf.o)
    0x0800399e   0x0800399e   0x00000002   PAD
    0x080039a0   0x080039a0   0x00000044   Code   RO         1726    i.__NVIC_SetPriority  stm32g0xx_hal_cortex.o
    0x080039e4   0x080039e4   0x000000ac   Code   RO         4560    i.__kernel_poly     m_ps.l(poly.o)
    0x08003a90   0x08003a90   0x0000000a   Code   RO         4482    i.__mathlib_dbl_infnan  m_ps.l(dunder.o)
    0x08003a9a   0x08003a9a   0x00000008   Code   RO         4483    i.__mathlib_dbl_infnan2  m_ps.l(dunder.o)
    0x08003aa2   0x08003aa2   0x00000002   PAD
    0x08003aa4   0x08003aa4   0x00000014   Code   RO         4487    i.__mathlib_dbl_underflow  m_ps.l(dunder.o)
    0x08003ab8   0x08003ab8   0x0000000a   Code   RO         4498    i.__mathlib_flt_infnan  m_ps.l(funder.o)
    0x08003ac2   0x08003ac2   0x00000008   Code   RO         4499    i.__mathlib_flt_infnan2  m_ps.l(funder.o)
    0x08003aca   0x08003aca   0x0000000c   Code   RO         4500    i.__mathlib_flt_invalid  m_ps.l(funder.o)
    0x08003ad6   0x08003ad6   0x0000000e   Code   RO         4503    i.__mathlib_flt_underflow  m_ps.l(funder.o)
    0x08003ae4   0x08003ae4   0x0000000e   Code   RO         4568    i.__scatterload_copy  mc_p.l(handlers.o)
    0x08003af2   0x08003af2   0x00000002   Code   RO         4569    i.__scatterload_null  mc_p.l(handlers.o)
    0x08003af4   0x08003af4   0x0000000e   Code   RO         4570    i.__scatterload_zeroinit  mc_p.l(handlers.o)
    0x08003b02   0x08003b02   0x00000002   PAD
    0x08003b04   0x08003b04   0x0000000c   Code   RO         4536    i.__set_errno       mc_p.l(errno.o)
    0x08003b10   0x08003b10   0x00000174   Code   RO         4426    i._fp_digits        mc_p.l(printfa.o)
    0x08003c84   0x08003c84   0x000006f0   Code   RO         4427    i._printf_core      mc_p.l(printfa.o)
    0x08004374   0x08004374   0x00000020   Code   RO         4428    i._printf_post_padding  mc_p.l(printfa.o)
    0x08004394   0x08004394   0x0000002c   Code   RO         4429    i._printf_pre_padding  mc_p.l(printfa.o)
    0x080043c0   0x080043c0   0x00000118   Code   RO         4133    i.asinf             m_ps.l(asinf.o)
    0x080044d8   0x080044d8   0x0000021c   Code   RO         4472    i.atan              m_ps.l(atan.o)
    0x080046f4   0x080046f4   0x0000019c   Code   RO         4141    i.atan2             m_ps.l(atan2.o)
    0x08004890   0x08004890   0x0000029c   Code   RO         4149    i.atan2f            m_ps.l(atan2f.o)
    0x08004b2c   0x08004b2c   0x00000018   Code   RO           15    i.fputc             main.o
    0x08004b44   0x08004b44   0x00000078   Code   RO         3712    i.lsm6dsl_Init      lsm6dsl.o
    0x08004bbc   0x08004bbc   0x00000178   Code   RO           16    i.main              main.o
    0x08004d34   0x08004d34   0x0000002c   Code   RO         4157    i.sqrtf             m_ps.l(sqrtf.o)
    0x08004d60   0x08004d60   0x00000044   Code   RO           17    i.uart_error        main.o
    0x08004da4   0x08004da4   0x00000018   Data   RO         3165    .constdata          stm32g0xx_hal_uart.o
    0x08004dbc   0x08004dbc   0x00000040   Data   RO         3621    .constdata          system_stm32g0xx.o
    0x08004dfc   0x08004dfc   0x00000020   Data   RO         3622    .constdata          system_stm32g0xx.o
    0x08004e1c   0x08004e1c   0x00000004   PAD
    0x08004e20   0x08004e20   0x00000098   Data   RO         4473    .constdata          m_ps.l(atan.o)
    0x08004eb8   0x08004eb8   0x00000008   Data   RO         4511    .constdata          m_ps.l(qnan.o)
    0x08004ec0   0x08004ec0   0x00000020   Data   RO         4566    Region$$Table       anon$$obj.o


    Execution Region RW_IRAM1 (Exec base: 0x20000000, Load base: 0x08004ee0, Size: 0x000005d0, Max: 0x00002000, ABSOLUTE)

    Exec Addr    Load Addr    Size         Type   Attr      Idx    E Section Name        Object

    0x20000000   0x08004ee0   0x0000000c   Data   RW         1852    .data               stm32g0xx_hal.o
    0x2000000c   0x08004eec   0x00000004   Data   RW         3623    .data               system_stm32g0xx.o
    0x20000010   0x08004ef0   0x00000030   Data   RW         3656    .data               mahonyahrs.o
    0x20000040   0x08004f20   0x00000060   Data   RW         3714    .data               lsm6dsl.o
    0x200000a0   0x08004f80   0x00000004   Data   RW         4169    .data               mc_p.l(stdout.o)
    0x200000a4   0x08004f84   0x00000004   Data   RW         4537    .data               mc_p.l(errno.o)
    0x200000a8        -       0x0000004c   Zero   RW          245    .bss                i2c.o
    0x200000f4        -       0x0000004c   Zero   RW          283    .bss                tim.o
    0x20000140        -       0x00000090   Zero   RW          321    .bss                usart.o
    0x200001d0        -       0x00000400   Zero   RW            1    STACK               startup_stm32g030xx.o


==============================================================================

Image component sizes


      Code (inc. data)   RO Data    RW Data    ZI Data      Debug   Object Name

       218         12          0          0          0       1431   gpio.o
       188         24          0          0         76       1589   i2c.o
       724         54          0         96          0       6016   lsm6dsl.o
      1812         40          0         48          0       4052   mahonyahrs.o
       606        136          0          0          0     402145   main.o
        28          8        192          0       1024        612   startup_stm32g030xx.o
       140         22          0         12          0      15369   stm32g0xx_hal.o
       148         24          0          0          0      12045   stm32g0xx_hal_cortex.o
       240         10          0          0          0       1891   stm32g0xx_hal_dma.o
       418         22          0          0          0       3949   stm32g0xx_hal_gpio.o
      1464         36          0          0          0      11226   stm32g0xx_hal_i2c.o
       146          0          0          0          0       1871   stm32g0xx_hal_i2c_ex.o
        44          6          0          0          0        810   stm32g0xx_hal_msp.o
        76         14          0          0          0        730   stm32g0xx_hal_pwr_ex.o
      1500         86          0          0          0      20073   stm32g0xx_hal_rcc.o
       332         12          0          0          0       1608   stm32g0xx_hal_rcc_ex.o
      1002         48          0          0          0       9329   stm32g0xx_hal_tim.o
       106         10          0          0          0       2888   stm32g0xx_hal_tim_ex.o
      3010         96         24          0          0      35288   stm32g0xx_hal_uart.o
         6          0          0          0          0       2049   stm32g0xx_hal_uart_ex.o
        80         12          0          0          0       3880   stm32g0xx_it.o
        16          6         96          4          0       1111   system_stm32g0xx.o
       164         18          0          0         76       1586   tim.o
       168         18          0          0        144       1602   usart.o

    ----------------------------------------------------------------------
     12662        714        348        160       1320     543150   Object Totals
         0          0         32          0          0          0   (incl. Generated)
        26          0          4          0          0          0   (incl. Padding)

    ----------------------------------------------------------------------

      Code (inc. data)   RO Data    RW Data    ZI Data      Debug   Library Member Name

       280         38          0          0          0         76   asinf.o
       540         68        152          0          0        112   atan.o
       412         40          0          0          0        144   atan2.o
       668         76          0          0          0        120   atan2f.o
        38          6          0          0          0        204   dunder.o
        44          4          0          0          0         60   fpclassify.o
        34          0          0          0          0         60   fpclassifyf.o
        44          0          0          0          0        272   funder.o
       172          0          0          0          0         76   poly.o
         0          0          8          0          0          0   qnan.o
        44          0          0          0          0         72   sqrtf.o
         0          0          0          0          0          0   entry.o
         0          0          0          0          0          0   entry10a.o
         0          0          0          0          0          0   entry11a.o
         4          0          0          0          0          0   entry12b.o
         8          4          0          0          0          0   entry2.o
         4          0          0          0          0          0   entry5.o
         0          0          0          0          0          0   entry7b.o
         0          0          0          0          0          0   entry8b.o
         8          4          0          0          0          0   entry9a.o
        12          6          0          4          0         60   errno.o
        30          0          0          0          0          0   handlers.o
        40          0          0          0          0         72   idiv.o
        36          8          0          0          0         68   init.o
         0          0          0          0          0          0   iusefp.o
        32          0          0          0          0         68   llshl.o
        38          0          0          0          0         68   llsshr.o
        34          0          0          0          0         68   llushr.o
        36          0          0          0          0        100   memseta.o
      2256         98          0          0          0        412   printfa.o
         0          0          0          4          0          0   stdout.o
        44          0          0          0          0         72   uidiv.o
        96          0          0          0          0         84   uldiv.o
        40          2          0          0          0         68   cdcmple.o
        40          2          0          0          0         68   cdrcmple.o
        56          0          0          0          0         68   d2f.o
       360          6          0          0          0        140   dadd.o
       240          6          0          0          0         84   ddiv.o
       236          0          0          0          0        216   depilogue.o
        64         10          0          0          0         68   dfixul.o
        40          6          0          0          0         68   dflti.o
       208          6          0          0          0         88   dmul.o
        44          0          0          0          0         72   dscalb.o
        40          0          0          0          0         60   f2d.o
       178          0          0          0          0        108   fadd.o
       124          0          0          0          0         72   fdiv.o
       130          0          0          0          0        144   fepilogue.o
        22          0          0          0          0         68   fflti.o
       122          0          0          0          0         72   fmul.o
        24          0          0          0          0         60   fscalb.o
        88          0          0          0          0         72   fsqrt.o

    ----------------------------------------------------------------------
      7022        390        160          8          0       3864   Library Totals
        12          0          0          0          0          0   (incl. Padding)

    ----------------------------------------------------------------------

      Code (inc. data)   RO Data    RW Data    ZI Data      Debug   Library Name

      2276        232        160          0          0       1196   m_ps.l
      2678        120          0          8          0       1072   mc_p.l
      2056         38          0          0          0       1596   mf_p.l

    ----------------------------------------------------------------------
      7022        390        160          8          0       3864   Library Totals

    ----------------------------------------------------------------------

==============================================================================


      Code (inc. data)   RO Data    RW Data    ZI Data      Debug   

     19684       1104        508        168       1320     540374   Grand Totals
     19684       1104        508        168       1320     540374   ELF Image Totals
     19684       1104        508        168          0          0   ROM Totals

==============================================================================

    Total RO  Size (Code + RO Data)                20192 (  19.72kB)
    Total RW  Size (RW Data + ZI Data)              1488 (   1.45kB)
    Total ROM Size (Code + RO Data + RW Data)      20360 (  19.88kB)

==============================================================================

